Archive member included to satisfy reference by file (symbol)

e:/han/stm32cubeide_1.5.1/stm32cubeide/plugins/com.st.stm32cube.ide.mcu.externaltools.gnu-tools-for-stm32.7-2018-q2-update.win32_1.5.0.202011040924/tools/bin/../lib/gcc/arm-none-eabi/7.3.1/../../../../arm-none-eabi/lib/thumb/v7e-m/fpv4-sp/hard\libc_nano.a(lib_a-errno.o)
                              Core/Src/syscalls.o (__errno)
e:/han/stm32cubeide_1.5.1/stm32cubeide/plugins/com.st.stm32cube.ide.mcu.externaltools.gnu-tools-for-stm32.7-2018-q2-update.win32_1.5.0.202011040924/tools/bin/../lib/gcc/arm-none-eabi/7.3.1/../../../../arm-none-eabi/lib/thumb/v7e-m/fpv4-sp/hard\libc_nano.a(lib_a-exit.o)
                              e:/han/stm32cubeide_1.5.1/stm32cubeide/plugins/com.st.stm32cube.ide.mcu.externaltools.gnu-tools-for-stm32.7-2018-q2-update.win32_1.5.0.202011040924/tools/bin/../lib/gcc/arm-none-eabi/7.3.1/../../../../arm-none-eabi/lib/thumb/v7e-m/fpv4-sp/hard/crt0.o (exit)
e:/han/stm32cubeide_1.5.1/stm32cubeide/plugins/com.st.stm32cube.ide.mcu.externaltools.gnu-tools-for-stm32.7-2018-q2-update.win32_1.5.0.202011040924/tools/bin/../lib/gcc/arm-none-eabi/7.3.1/../../../../arm-none-eabi/lib/thumb/v7e-m/fpv4-sp/hard\libc_nano.a(lib_a-impure.o)
                              e:/han/stm32cubeide_1.5.1/stm32cubeide/plugins/com.st.stm32cube.ide.mcu.externaltools.gnu-tools-for-stm32.7-2018-q2-update.win32_1.5.0.202011040924/tools/bin/../lib/gcc/arm-none-eabi/7.3.1/../../../../arm-none-eabi/lib/thumb/v7e-m/fpv4-sp/hard\libc_nano.a(lib_a-exit.o) (_global_impure_ptr)
e:/han/stm32cubeide_1.5.1/stm32cubeide/plugins/com.st.stm32cube.ide.mcu.externaltools.gnu-tools-for-stm32.7-2018-q2-update.win32_1.5.0.202011040924/tools/bin/../lib/gcc/arm-none-eabi/7.3.1/../../../../arm-none-eabi/lib/thumb/v7e-m/fpv4-sp/hard\libc_nano.a(lib_a-init.o)
                              e:/han/stm32cubeide_1.5.1/stm32cubeide/plugins/com.st.stm32cube.ide.mcu.externaltools.gnu-tools-for-stm32.7-2018-q2-update.win32_1.5.0.202011040924/tools/bin/../lib/gcc/arm-none-eabi/7.3.1/../../../../arm-none-eabi/lib/thumb/v7e-m/fpv4-sp/hard/crt0.o (__libc_init_array)
e:/han/stm32cubeide_1.5.1/stm32cubeide/plugins/com.st.stm32cube.ide.mcu.externaltools.gnu-tools-for-stm32.7-2018-q2-update.win32_1.5.0.202011040924/tools/bin/../lib/gcc/arm-none-eabi/7.3.1/../../../../arm-none-eabi/lib/thumb/v7e-m/fpv4-sp/hard\libc_nano.a(lib_a-malloc.o)
                              Middlewares/ST/STM32_USB_Host_Library/Class/CDC/Src/usbh_cdc.o (malloc)
e:/han/stm32cubeide_1.5.1/stm32cubeide/plugins/com.st.stm32cube.ide.mcu.externaltools.gnu-tools-for-stm32.7-2018-q2-update.win32_1.5.0.202011040924/tools/bin/../lib/gcc/arm-none-eabi/7.3.1/../../../../arm-none-eabi/lib/thumb/v7e-m/fpv4-sp/hard\libc_nano.a(lib_a-memset.o)
                              e:/han/stm32cubeide_1.5.1/stm32cubeide/plugins/com.st.stm32cube.ide.mcu.externaltools.gnu-tools-for-stm32.7-2018-q2-update.win32_1.5.0.202011040924/tools/bin/../lib/gcc/arm-none-eabi/7.3.1/../../../../arm-none-eabi/lib/thumb/v7e-m/fpv4-sp/hard/crt0.o (memset)
e:/han/stm32cubeide_1.5.1/stm32cubeide/plugins/com.st.stm32cube.ide.mcu.externaltools.gnu-tools-for-stm32.7-2018-q2-update.win32_1.5.0.202011040924/tools/bin/../lib/gcc/arm-none-eabi/7.3.1/../../../../arm-none-eabi/lib/thumb/v7e-m/fpv4-sp/hard\libc_nano.a(lib_a-nano-freer.o)
                              e:/han/stm32cubeide_1.5.1/stm32cubeide/plugins/com.st.stm32cube.ide.mcu.externaltools.gnu-tools-for-stm32.7-2018-q2-update.win32_1.5.0.202011040924/tools/bin/../lib/gcc/arm-none-eabi/7.3.1/../../../../arm-none-eabi/lib/thumb/v7e-m/fpv4-sp/hard\libc_nano.a(lib_a-malloc.o) (_free_r)
e:/han/stm32cubeide_1.5.1/stm32cubeide/plugins/com.st.stm32cube.ide.mcu.externaltools.gnu-tools-for-stm32.7-2018-q2-update.win32_1.5.0.202011040924/tools/bin/../lib/gcc/arm-none-eabi/7.3.1/../../../../arm-none-eabi/lib/thumb/v7e-m/fpv4-sp/hard\libc_nano.a(lib_a-nano-mallocr.o)
                              e:/han/stm32cubeide_1.5.1/stm32cubeide/plugins/com.st.stm32cube.ide.mcu.externaltools.gnu-tools-for-stm32.7-2018-q2-update.win32_1.5.0.202011040924/tools/bin/../lib/gcc/arm-none-eabi/7.3.1/../../../../arm-none-eabi/lib/thumb/v7e-m/fpv4-sp/hard\libc_nano.a(lib_a-malloc.o) (_malloc_r)
e:/han/stm32cubeide_1.5.1/stm32cubeide/plugins/com.st.stm32cube.ide.mcu.externaltools.gnu-tools-for-stm32.7-2018-q2-update.win32_1.5.0.202011040924/tools/bin/../lib/gcc/arm-none-eabi/7.3.1/../../../../arm-none-eabi/lib/thumb/v7e-m/fpv4-sp/hard\libc_nano.a(lib_a-sbrkr.o)
                              e:/han/stm32cubeide_1.5.1/stm32cubeide/plugins/com.st.stm32cube.ide.mcu.externaltools.gnu-tools-for-stm32.7-2018-q2-update.win32_1.5.0.202011040924/tools/bin/../lib/gcc/arm-none-eabi/7.3.1/../../../../arm-none-eabi/lib/thumb/v7e-m/fpv4-sp/hard\libc_nano.a(lib_a-nano-mallocr.o) (_sbrk_r)
[...]
Memory Configuration

Name             Origin             Length             Attributes
CCMRAM           0x0000000010000000 0x0000000000010000 xrw
RAM              0x0000000020000000 0x0000000000020000 xrw
FLASH            0x0000000008000000 0x0000000000100000 xr
*default*        0x0000000000000000 0xffffffffffffffff

Linker script and memory map

LOAD e:/han/stm32cubeide_1.5.1/stm32cubeide/plugins/com.st.stm32cube.ide.mcu.externaltools.gnu-tools-for-stm32.7-2018-q2-update.win32_1.5.0.202011040924/tools/bin/../lib/gcc/arm-none-eabi/7.3.1/thumb/v7e-m/fpv4-sp/hard/crti.o
LOAD e:/han/stm32cubeide_1.5.1/stm32cubeide/plugins/com.st.stm32cube.ide.mcu.externaltools.gnu-tools-for-stm32.7-2018-q2-update.win32_1.5.0.202011040924/tools/bin/../lib/gcc/arm-none-eabi/7.3.1/thumb/v7e-m/fpv4-sp/hard/crtbegin.o
LOAD e:/han/stm32cubeide_1.5.1/stm32cubeide/plugins/com.st.stm32cube.ide.mcu.externaltools.gnu-tools-for-stm32.7-2018-q2-update.win32_1.5.0.202011040924/tools/bin/../lib/gcc/arm-none-eabi/7.3.1/../../../../arm-none-eabi/lib/thumb/v7e-m/fpv4-sp/hard/crt0.o
LOAD Core/Src/main.o
LOAD Core/Src/stm32f4xx_hal_msp.o
LOAD Core/Src/stm32f4xx_it.o
LOAD Core/Src/syscalls.o
LOAD Core/Src/sysmem.o
LOAD Core/Src/system_stm32f4xx.o
LOAD Core/Startup/startup_stm32f407vgtx.o
LOAD Drivers/STM32F4xx_HAL_Driver/Src/stm32f4xx_hal.o
LOAD Drivers/STM32F4xx_HAL_Driver/Src/stm32f4xx_hal_cortex.o
LOAD Drivers/STM32F4xx_HAL_Driver/Src/stm32f4xx_hal_dma.o
LOAD Drivers/STM32F4xx_HAL_Driver/Src/stm32f4xx_hal_dma_ex.o
LOAD Drivers/STM32F4xx_HAL_Driver/Src/stm32f4xx_hal_exti.o
LOAD Drivers/STM32F4xx_HAL_Driver/Src/stm32f4xx_hal_flash.o
LOAD Drivers/STM32F4xx_HAL_Driver/Src/stm32f4xx_hal_flash_ex.o
LOAD Drivers/STM32F4xx_HAL_Driver/Src/stm32f4xx_hal_flash_ramfunc.o
LOAD Drivers/STM32F4xx_HAL_Driver/Src/stm32f4xx_hal_gpio.o
LOAD Drivers/STM32F4xx_HAL_Driver/Src/stm32f4xx_hal_hcd.o
LOAD Drivers/STM32F4xx_HAL_Driver/Src/stm32f4xx_hal_i2c.o
LOAD Drivers/STM32F4xx_HAL_Driver/Src/stm32f4xx_hal_i2c_ex.o
LOAD Drivers/STM32F4xx_HAL_Driver/Src/stm32f4xx_hal_i2s.o
LOAD Drivers/STM32F4xx_HAL_Driver/Src/stm32f4xx_hal_i2s_ex.o
LOAD Drivers/STM32F4xx_HAL_Driver/Src/stm32f4xx_hal_pwr.o
LOAD Drivers/STM32F4xx_HAL_Driver/Src/stm32f4xx_hal_pwr_ex.o
LOAD Drivers/STM32F4xx_HAL_Driver/Src/stm32f4xx_hal_rcc.o
LOAD Drivers/STM32F4xx_HAL_Driver/Src/stm32f4xx_hal_rcc_ex.o
LOAD Drivers/STM32F4xx_HAL_Driver/Src/stm32f4xx_hal_spi.o
LOAD Drivers/STM32F4xx_HAL_Driver/Src/stm32f4xx_hal_tim.o
LOAD Drivers/STM32F4xx_HAL_Driver/Src/stm32f4xx_hal_tim_ex.o
LOAD Drivers/STM32F4xx_HAL_Driver/Src/stm32f4xx_ll_usb.o
LOAD Middlewares/ST/STM32_USB_Host_Library/Class/CDC/Src/usbh_cdc.o
LOAD Middlewares/ST/STM32_USB_Host_Library/Core/Src/usbh_core.o
LOAD Middlewares/ST/STM32_USB_Host_Library/Core/Src/usbh_ctlreq.o
LOAD Middlewares/ST/STM32_USB_Host_Library/Core/Src/usbh_ioreq.o
LOAD Middlewares/ST/STM32_USB_Host_Library/Core/Src/usbh_pipes.o
LOAD USB_HOST/App/usb_host.o
LOAD USB_HOST/Target/usbh_conf.o
LOAD USB_HOST/Target/usbh_platform.o
START GROUP
LOAD e:/han/stm32cubeide_1.5.1/stm32cubeide/plugins/com.st.stm32cube.ide.mcu.externaltools.gnu-tools-for-stm32.7-2018-q2-update.win32_1.5.0.202011040924/tools/bin/../lib/gcc/arm-none-eabi/7.3.1/../../../../arm-none-eabi/lib/thumb/v7e-m/fpv4-sp/hard\libc_nano.a
LOAD e:/han/stm32cubeide_1.5.1/stm32cubeide/plugins/com.st.stm32cube.ide.mcu.externaltools.gnu-tools-for-stm32.7-2018-q2-update.win32_1.5.0.202011040924/tools/bin/../lib/gcc/arm-none-eabi/7.3.1/../../../../arm-none-eabi/lib/thumb/v7e-m/fpv4-sp/hard\libm.a
END GROUP
START GROUP
LOAD e:/han/stm32cubeide_1.5.1/stm32cubeide/plugins/com.st.stm32cube.ide.mcu.externaltools.gnu-tools-for-stm32.7-2018-q2-update.win32_1.5.0.202011040924/tools/bin/../lib/gcc/arm-none-eabi/7.3.1/thumb/v7e-m/fpv4-sp/hard\libgcc.a
LOAD e:/han/stm32cubeide_1.5.1/stm32cubeide/plugins/com.st.stm32cube.ide.mcu.externaltools.gnu-tools-for-stm32.7-2018-q2-update.win32_1.5.0.202011040924/tools/bin/../lib/gcc/arm-none-eabi/7.3.1/../../../../arm-none-eabi/lib/thumb/v7e-m/fpv4-sp/hard\libc_nano.a
END GROUP
START GROUP
LOAD e:/han/stm32cubeide_1.5.1/stm32cubeide/plugins/com.st.stm32cube.ide.mcu.externaltools.gnu-tools-for-stm32.7-2018-q2-update.win32_1.5.0.202011040924/tools/bin/../lib/gcc/arm-none-eabi/7.3.1/thumb/v7e-m/fpv4-sp/hard\libgcc.a
LOAD e:/han/stm32cubeide_1.5.1/stm32cubeide/plugins/com.st.stm32cube.ide.mcu.externaltools.gnu-tools-for-stm32.7-2018-q2-update.win32_1.5.0.202011040924/tools/bin/../lib/gcc/arm-none-eabi/7.3.1/../../../../arm-none-eabi/lib/thumb/v7e-m/fpv4-sp/hard\libc_nano.a
LOAD e:/han/stm32cubeide_1.5.1/stm32cubeide/plugins/com.st.stm32cube.ide.mcu.externaltools.gnu-tools-for-stm32.7-2018-q2-update.win32_1.5.0.202011040924/tools/bin/../lib/gcc/arm-none-eabi/7.3.1/../../../../arm-none-eabi/lib/thumb/v7e-m/fpv4-sp/hard\libnosys.a
END GROUP
START GROUP
LOAD e:/han/stm32cubeide_1.5.1/stm32cubeide/plugins/com.st.stm32cube.ide.mcu.externaltools.gnu-tools-for-stm32.7-2018-q2-update.win32_1.5.0.202011040924/tools/bin/../lib/gcc/arm-none-eabi/7.3.1/thumb/v7e-m/fpv4-sp/hard\libgcc.a
LOAD e:/han/stm32cubeide_1.5.1/stm32cubeide/plugins/com.st.stm32cube.ide.mcu.externaltools.gnu-tools-for-stm32.7-2018-q2-update.win32_1.5.0.202011040924/tools/bin/../lib/gcc/arm-none-eabi/7.3.1/../../../../arm-none-eabi/lib/thumb/v7e-m/fpv4-sp/hard\libc_nano.a
LOAD e:/han/stm32cubeide_1.5.1/stm32cubeide/plugins/com.st.stm32cube.ide.mcu.externaltools.gnu-tools-for-stm32.7-2018-q2-update.win32_1.5.0.202011040924/tools/bin/../lib/gcc/arm-none-eabi/7.3.1/../../../../arm-none-eabi/lib/thumb/v7e-m/fpv4-sp/hard\libnosys.a
END GROUP
LOAD e:/han/stm32cubeide_1.5.1/stm32cubeide/plugins/com.st.stm32cube.ide.mcu.externaltools.gnu-tools-for-stm32.7-2018-q2-update.win32_1.5.0.202011040924/tools/bin/../lib/gcc/arm-none-eabi/7.3.1/thumb/v7e-m/fpv4-sp/hard/crtend.o
LOAD e:/han/stm32cubeide_1.5.1/stm32cubeide/plugins/com.st.stm32cube.ide.mcu.externaltools.gnu-tools-for-stm32.7-2018-q2-update.win32_1.5.0.202011040924/tools/bin/../lib/gcc/arm-none-eabi/7.3.1/thumb/v7e-m/fpv4-sp/hard/crtn.o
                0x0000000020020000                _estack = (ORIGIN (RAM) + LENGTH (RAM))
                0x0000000000000200                _Min_Heap_Size = 0x200
                0x0000000000000400                _Min_Stack_Size = 0x400

.isr_vector     0x0000000008000000      0x188
                0x0000000008000000                . = ALIGN (0x4)
 *(.isr_vector)
 .isr_vector    0x0000000008000000      0x188 Core/Startup/startup_stm32f407vgtx.o
                0x0000000008000000                g_pfnVectors
                0x0000000008000188                . = ALIGN (0x4)

.text           0x0000000008000188     0x7850
                0x0000000008000188                . = ALIGN (0x4)
 *(.text)
 .text          0x0000000008000188       0x40 e:/han/stm32cubeide_1.5.1/stm32cubeide/plugins/com.st.stm32cube.ide.mcu.externaltools.gnu-tools-for-stm32.7-2018-q2-update.win32_1.5.0.202011040924/tools/bin/../lib/gcc/arm-none-eabi/7.3.1/thumb/v7e-m/fpv4-sp/hard/crtbegin.o
 .text          0x00000000080001c8       0x30 e:/han/stm32cubeide_1.5.1/stm32cubeide/plugins/com.st.stm32cube.ide.mcu.externaltools.gnu-tools-for-stm32.7-2018-q2-update.win32_1.5.0.202011040924/tools/bin/../lib/gcc/arm-none-eabi/7.3.1/thumb/v7e-m/fpv4-sp/hard\libgcc.a(_aeabi_uldivmod.o)
                0x00000000080001c8                __aeabi_uldivmod
 .text          0x00000000080001f8      0x2cc e:/han/stm32cubeide_1.5.1/stm32cubeide/plugins/com.st.stm32cube.ide.mcu.externaltools.gnu-tools-for-stm32.7-2018-q2-update.win32_1.5.0.202011040924/tools/bin/../lib/gcc/arm-none-eabi/7.3.1/thumb/v7e-m/fpv4-sp/hard\libgcc.a(_udivmoddi4.o)
                0x00000000080001f8                __udivmoddi4
 .text          0x00000000080004c4        0x4 e:/han/stm32cubeide_1.5.1/stm32cubeide/plugins/com.st.stm32cube.ide.mcu.externaltools.gnu-tools-for-stm32.7-2018-q2-update.win32_1.5.0.202011040924/tools/bin/../lib/gcc/arm-none-eabi/7.3.1/thumb/v7e-m/fpv4-sp/hard\libgcc.a(_dvmd_tls.o)
                0x00000000080004c4                __aeabi_idiv0
                0x00000000080004c4                __aeabi_ldiv0
 *(.text*)
 .text.main     0x00000000080004c8       0x44 Core/Src/main.o
                0x00000000080004c8                main
 .text.SystemClock_Config
                0x000000000800050c      0x104 Core/Src/main.o
                0x000000000800050c                SystemClock_Config
 .text.MX_I2C1_Init
                0x0000000008000610       0x5c Core/Src/main.o
 .text.MX_I2S3_Init
                0x000000000800066c       0x60 Core/Src/main.o
 .text.MX_SPI1_Init
                0x00000000080006cc       0x6c Core/Src/main.o
 .text.MX_GPIO_Init
                0x0000000008000738      0x1fc Core/Src/main.o
 .text.Error_Handler
                0x0000000008000934        0x8 Core/Src/main.o
                0x0000000008000934                Error_Handler
 .text.HAL_MspInit
                0x000000000800093c       0x50 Core/Src/stm32f4xx_hal_msp.o
                0x000000000800093c                HAL_MspInit
 .text.HAL_I2C_MspInit
                0x000000000800098c       0x90 Core/Src/stm32f4xx_hal_msp.o
                0x000000000800098c                HAL_I2C_MspInit
 .text.HAL_I2S_MspInit
                0x0000000008000a1c       0xd0 Core/Src/stm32f4xx_hal_msp.o
                0x0000000008000a1c                HAL_I2S_MspInit
 .text.HAL_SPI_MspInit
                0x0000000008000aec       0x90 Core/Src/stm32f4xx_hal_msp.o
                0x0000000008000aec                HAL_SPI_MspInit
 .text.NMI_Handler
                0x0000000008000b7c        0x6 Core/Src/stm32f4xx_it.o
                0x0000000008000b7c                NMI_Handler
 .text.HardFault_Handler
                0x0000000008000b82        0x6 Core/Src/stm32f4xx_it.o
                0x0000000008000b82                HardFault_Handler
 .text.MemManage_Handler
                0x0000000008000b88        0x6 Core/Src/stm32f4xx_it.o
                0x0000000008000b88                MemManage_Handler
 .text.BusFault_Handler
                0x0000000008000b8e        0x6 Core/Src/stm32f4xx_it.o
                0x0000000008000b8e                BusFault_Handler
 .text.UsageFault_Handler
                0x0000000008000b94        0x6 Core/Src/stm32f4xx_it.o
                0x0000000008000b94                UsageFault_Handler
 .text.SVC_Handler
                0x0000000008000b9a        0xe Core/Src/stm32f4xx_it.o
                0x0000000008000b9a                SVC_Handler
 .text.DebugMon_Handler
                0x0000000008000ba8        0xe Core/Src/stm32f4xx_it.o
                0x0000000008000ba8                DebugMon_Handler
 .text.PendSV_Handler
                0x0000000008000bb6        0xe Core/Src/stm32f4xx_it.o
                0x0000000008000bb6                PendSV_Handler
 .text.SysTick_Handler
                0x0000000008000bc4        0xc Core/Src/stm32f4xx_it.o
                0x0000000008000bc4                SysTick_Handler
 .text.OTG_FS_IRQHandler
                0x0000000008000bd0       0x14 Core/Src/stm32f4xx_it.o
                0x0000000008000bd0                OTG_FS_IRQHandler
 .text._sbrk    0x0000000008000be4       0x6c Core/Src/sysmem.o
                0x0000000008000be4                _sbrk
 .text.SystemInit
                0x0000000008000c50       0x2c Core/Src/system_stm32f4xx.o
                0x0000000008000c50                SystemInit
 .text.Reset_Handler
                0x0000000008000c7c       0x50 Core/Startup/startup_stm32f407vgtx.o
                0x0000000008000c7c                Reset_Handler
 .text.Default_Handler
                0x0000000008000ccc        0x2 Core/Startup/startup_stm32f407vgtx.o
                0x0000000008000ccc                RTC_Alarm_IRQHandler
                0x0000000008000ccc                HASH_RNG_IRQHandler
                0x0000000008000ccc                EXTI2_IRQHandler
                0x0000000008000ccc                TIM8_CC_IRQHandler
                0x0000000008000ccc                TIM1_CC_IRQHandler
                0x0000000008000ccc                DMA2_Stream5_IRQHandler
                0x0000000008000ccc                DMA1_Stream5_IRQHandler
                0x0000000008000ccc                PVD_IRQHandler
                0x0000000008000ccc                SDIO_IRQHandler
                0x0000000008000ccc                TAMP_STAMP_IRQHandler
                0x0000000008000ccc                CAN2_RX1_IRQHandler
                0x0000000008000ccc                EXTI3_IRQHandler
                0x0000000008000ccc                TIM8_TRG_COM_TIM14_IRQHandler
                0x0000000008000ccc                TIM1_UP_TIM10_IRQHandler
                0x0000000008000ccc                TIM8_UP_TIM13_IRQHandler
                0x0000000008000ccc                I2C3_ER_IRQHandler
                0x0000000008000ccc                EXTI0_IRQHandler
                0x0000000008000ccc                I2C2_EV_IRQHandler
                0x0000000008000ccc                DMA1_Stream2_IRQHandler
                0x0000000008000ccc                CAN1_RX0_IRQHandler
                0x0000000008000ccc                FPU_IRQHandler
                0x0000000008000ccc                OTG_HS_WKUP_IRQHandler
                0x0000000008000ccc                CAN2_SCE_IRQHandler
                0x0000000008000ccc                DMA2_Stream2_IRQHandler
                0x0000000008000ccc                SPI1_IRQHandler
                0x0000000008000ccc                TIM6_DAC_IRQHandler
                0x0000000008000ccc                TIM1_BRK_TIM9_IRQHandler
                0x0000000008000ccc                DCMI_IRQHandler
                0x0000000008000ccc                CAN2_RX0_IRQHandler
                0x0000000008000ccc                DMA2_Stream3_IRQHandler
                0x0000000008000ccc                USART6_IRQHandler
                0x0000000008000ccc                USART3_IRQHandler
                0x0000000008000ccc                CAN1_RX1_IRQHandler
                0x0000000008000ccc                UART5_IRQHandler
                0x0000000008000ccc                DMA2_Stream0_IRQHandler
                0x0000000008000ccc                TIM4_IRQHandler
                0x0000000008000ccc                I2C1_EV_IRQHandler
                0x0000000008000ccc                DMA1_Stream6_IRQHandler
                0x0000000008000ccc                DMA1_Stream1_IRQHandler
                0x0000000008000ccc                UART4_IRQHandler
                0x0000000008000ccc                TIM3_IRQHandler
                0x0000000008000ccc                RCC_IRQHandler
                0x0000000008000ccc                TIM8_BRK_TIM12_IRQHandler
                0x0000000008000ccc                Default_Handler
                0x0000000008000ccc                EXTI15_10_IRQHandler
                0x0000000008000ccc                ADC_IRQHandler
                0x0000000008000ccc                DMA1_Stream7_IRQHandler
                0x0000000008000ccc                TIM7_IRQHandler
                0x0000000008000ccc                CAN2_TX_IRQHandler
                0x0000000008000ccc                TIM5_IRQHandler
                0x0000000008000ccc                DMA2_Stream7_IRQHandler
                0x0000000008000ccc                I2C3_EV_IRQHandler
                0x0000000008000ccc                EXTI9_5_IRQHandler
                0x0000000008000ccc                RTC_WKUP_IRQHandler
                0x0000000008000ccc                ETH_WKUP_IRQHandler
                0x0000000008000ccc                SPI2_IRQHandler
                0x0000000008000ccc                OTG_HS_EP1_IN_IRQHandler
                0x0000000008000ccc                DMA1_Stream0_IRQHandler
                0x0000000008000ccc                CAN1_TX_IRQHandler
                0x0000000008000ccc                EXTI4_IRQHandler
                0x0000000008000ccc                FSMC_IRQHandler
                0x0000000008000ccc                ETH_IRQHandler
                0x0000000008000ccc                OTG_HS_EP1_OUT_IRQHandler
                0x0000000008000ccc                WWDG_IRQHandler
                0x0000000008000ccc                TIM2_IRQHandler
                0x0000000008000ccc                OTG_FS_WKUP_IRQHandler
                0x0000000008000ccc                TIM1_TRG_COM_TIM11_IRQHandler
                0x0000000008000ccc                OTG_HS_IRQHandler
                0x0000000008000ccc                EXTI1_IRQHandler
                0x0000000008000ccc                USART2_IRQHandler
                0x0000000008000ccc                I2C2_ER_IRQHandler
                0x0000000008000ccc                DMA2_Stream1_IRQHandler
                0x0000000008000ccc                CAN1_SCE_IRQHandler
                0x0000000008000ccc                FLASH_IRQHandler
                0x0000000008000ccc                DMA2_Stream4_IRQHandler
                0x0000000008000ccc                USART1_IRQHandler
                0x0000000008000ccc                SPI3_IRQHandler
                0x0000000008000ccc                DMA1_Stream4_IRQHandler
                0x0000000008000ccc                I2C1_ER_IRQHandler
                0x0000000008000ccc                DMA2_Stream6_IRQHandler
                0x0000000008000ccc                DMA1_Stream3_IRQHandler
 *fill*         0x0000000008000cce        0x2 
 .text.HAL_Init
                0x0000000008000cd0       0x44 Drivers/STM32F4xx_HAL_Driver/Src/stm32f4xx_hal.o
                0x0000000008000cd0                HAL_Init
 .text.HAL_InitTick
                0x0000000008000d14       0x60 Drivers/STM32F4xx_HAL_Driver/Src/stm32f4xx_hal.o
                0x0000000008000d14                HAL_InitTick
 .text.HAL_IncTick
                0x0000000008000d74       0x28 Drivers/STM32F4xx_HAL_Driver/Src/stm32f4xx_hal.o
                0x0000000008000d74                HAL_IncTick
 .text.HAL_GetTick
                0x0000000008000d9c       0x18 Drivers/STM32F4xx_HAL_Driver/Src/stm32f4xx_hal.o
                0x0000000008000d9c                HAL_GetTick
 .text.HAL_Delay
                0x0000000008000db4       0x44 Drivers/STM32F4xx_HAL_Driver/Src/stm32f4xx_hal.o
                0x0000000008000db4                HAL_Delay
 .text.__NVIC_SetPriorityGrouping
                0x0000000008000df8       0x48 Drivers/STM32F4xx_HAL_Driver/Src/stm32f4xx_hal_cortex.o
 .text.__NVIC_GetPriorityGrouping
                0x0000000008000e40       0x1c Drivers/STM32F4xx_HAL_Driver/Src/stm32f4xx_hal_cortex.o
 .text.__NVIC_EnableIRQ
                0x0000000008000e5c       0x3c Drivers/STM32F4xx_HAL_Driver/Src/stm32f4xx_hal_cortex.o
 .text.__NVIC_SetPriority
                0x0000000008000e98       0x54 Drivers/STM32F4xx_HAL_Driver/Src/stm32f4xx_hal_cortex.o
 .text.NVIC_EncodePriority
                0x0000000008000eec       0x66 Drivers/STM32F4xx_HAL_Driver/Src/stm32f4xx_hal_cortex.o
 *fill*         0x0000000008000f52        0x2 
 .text.SysTick_Config
                0x0000000008000f54       0x44 Drivers/STM32F4xx_HAL_Driver/Src/stm32f4xx_hal_cortex.o
 .text.HAL_NVIC_SetPriorityGrouping
                0x0000000008000f98       0x16 Drivers/STM32F4xx_HAL_Driver/Src/stm32f4xx_hal_cortex.o
                0x0000000008000f98                HAL_NVIC_SetPriorityGrouping
 .text.HAL_NVIC_SetPriority
                0x0000000008000fae       0x38 Drivers/STM32F4xx_HAL_Driver/Src/stm32f4xx_hal_cortex.o
                0x0000000008000fae                HAL_NVIC_SetPriority
 .text.HAL_NVIC_EnableIRQ
                0x0000000008000fe6       0x1c Drivers/STM32F4xx_HAL_Driver/Src/stm32f4xx_hal_cortex.o
                0x0000000008000fe6                HAL_NVIC_EnableIRQ
 .text.HAL_SYSTICK_Config
                0x0000000008001002       0x18 Drivers/STM32F4xx_HAL_Driver/Src/stm32f4xx_hal_cortex.o
                0x0000000008001002                HAL_SYSTICK_Config
 *fill*         0x000000000800101a        0x2 
 .text.HAL_GPIO_Init
                0x000000000800101c      0x334 Drivers/STM32F4xx_HAL_Driver/Src/stm32f4xx_hal_gpio.o
                0x000000000800101c                HAL_GPIO_Init
 .text.HAL_GPIO_WritePin
                0x0000000008001350       0x32 Drivers/STM32F4xx_HAL_Driver/Src/stm32f4xx_hal_gpio.o
                0x0000000008001350                HAL_GPIO_WritePin
 .text.HAL_GPIO_TogglePin
                0x0000000008001382       0x36 Drivers/STM32F4xx_HAL_Driver/Src/stm32f4xx_hal_gpio.o
                0x0000000008001382                HAL_GPIO_TogglePin
 .text.HAL_HCD_Init
                0x00000000080013b8       0xc4 Drivers/STM32F4xx_HAL_Driver/Src/stm32f4xx_hal_hcd.o
                0x00000000080013b8                HAL_HCD_Init
 .text.HAL_HCD_HC_Init
                0x000000000800147c      0x130 Drivers/STM32F4xx_HAL_Driver/Src/stm32f4xx_hal_hcd.o
                0x000000000800147c                HAL_HCD_HC_Init
 .text.HAL_HCD_HC_Halt
                0x00000000080015ac       0x46 Drivers/STM32F4xx_HAL_Driver/Src/stm32f4xx_hal_hcd.o
                0x00000000080015ac                HAL_HCD_HC_Halt
 *fill*         0x00000000080015f2        0x2 
 .text.HAL_HCD_HC_SubmitRequest
                0x00000000080015f4      0x2e4 Drivers/STM32F4xx_HAL_Driver/Src/stm32f4xx_hal_hcd.o
                0x00000000080015f4                HAL_HCD_HC_SubmitRequest
 .text.HAL_HCD_IRQHandler
                0x00000000080018d8      0x208 Drivers/STM32F4xx_HAL_Driver/Src/stm32f4xx_hal_hcd.o
                0x00000000080018d8                HAL_HCD_IRQHandler
 .text.HAL_HCD_Start
                0x0000000008001ae0       0x46 Drivers/STM32F4xx_HAL_Driver/Src/stm32f4xx_hal_hcd.o
                0x0000000008001ae0                HAL_HCD_Start
 .text.HAL_HCD_Stop
                0x0000000008001b26       0x3a Drivers/STM32F4xx_HAL_Driver/Src/stm32f4xx_hal_hcd.o
                0x0000000008001b26                HAL_HCD_Stop
 .text.HAL_HCD_ResetPort
                0x0000000008001b60       0x1c Drivers/STM32F4xx_HAL_Driver/Src/stm32f4xx_hal_hcd.o
                0x0000000008001b60                HAL_HCD_ResetPort
 .text.HAL_HCD_HC_GetURBState
                0x0000000008001b7c       0x2a Drivers/STM32F4xx_HAL_Driver/Src/stm32f4xx_hal_hcd.o
                0x0000000008001b7c                HAL_HCD_HC_GetURBState
 .text.HAL_HCD_HC_GetXferCount
                0x0000000008001ba6       0x2a Drivers/STM32F4xx_HAL_Driver/Src/stm32f4xx_hal_hcd.o
                0x0000000008001ba6                HAL_HCD_HC_GetXferCount
 .text.HAL_HCD_GetCurrentFrame
                0x0000000008001bd0       0x1c Drivers/STM32F4xx_HAL_Driver/Src/stm32f4xx_hal_hcd.o
                0x0000000008001bd0                HAL_HCD_GetCurrentFrame
 .text.HAL_HCD_GetCurrentSpeed
                0x0000000008001bec       0x1c Drivers/STM32F4xx_HAL_Driver/Src/stm32f4xx_hal_hcd.o
                0x0000000008001bec                HAL_HCD_GetCurrentSpeed
 .text.HCD_HC_IN_IRQHandler
                0x0000000008001c08      0x86a Drivers/STM32F4xx_HAL_Driver/Src/stm32f4xx_hal_hcd.o
 .text.HCD_HC_OUT_IRQHandler
                0x0000000008002472      0x6ea Drivers/STM32F4xx_HAL_Driver/Src/stm32f4xx_hal_hcd.o
 .text.HCD_RXQLVL_IRQHandler
                0x0000000008002b5c      0x158 Drivers/STM32F4xx_HAL_Driver/Src/stm32f4xx_hal_hcd.o
 .text.HCD_Port_IRQHandler
                0x0000000008002cb4       0xe6 Drivers/STM32F4xx_HAL_Driver/Src/stm32f4xx_hal_hcd.o
 *fill*         0x0000000008002d9a        0x2 
 .text.HAL_I2C_Init
                0x0000000008002d9c      0x270 Drivers/STM32F4xx_HAL_Driver/Src/stm32f4xx_hal_i2c.o
                0x0000000008002d9c                HAL_I2C_Init
 .text.HAL_I2S_Init
                0x000000000800300c      0x280 Drivers/STM32F4xx_HAL_Driver/Src/stm32f4xx_hal_i2s.o
                0x000000000800300c                HAL_I2S_Init
 .text.HAL_I2S_TxCpltCallback
                0x000000000800328c       0x14 Drivers/STM32F4xx_HAL_Driver/Src/stm32f4xx_hal_i2s.o
                0x000000000800328c                HAL_I2S_TxCpltCallback
 .text.HAL_I2S_RxCpltCallback
                0x00000000080032a0       0x14 Drivers/STM32F4xx_HAL_Driver/Src/stm32f4xx_hal_i2s.o
                0x00000000080032a0                HAL_I2S_RxCpltCallback
 .text.HAL_I2S_ErrorCallback
                0x00000000080032b4       0x14 Drivers/STM32F4xx_HAL_Driver/Src/stm32f4xx_hal_i2s.o
                0x00000000080032b4                HAL_I2S_ErrorCallback
 .text.I2S_Transmit_IT
                0x00000000080032c8       0x5c Drivers/STM32F4xx_HAL_Driver/Src/stm32f4xx_hal_i2s.o
 .text.I2S_Receive_IT
                0x0000000008003324       0x5e Drivers/STM32F4xx_HAL_Driver/Src/stm32f4xx_hal_i2s.o
 .text.I2S_IRQHandler
                0x0000000008003382      0x114 Drivers/STM32F4xx_HAL_Driver/Src/stm32f4xx_hal_i2s.o
 *fill*         0x0000000008003496        0x2 
 .text.HAL_I2SEx_FullDuplex_IRQHandler
                0x0000000008003498      0x2a8 Drivers/STM32F4xx_HAL_Driver/Src/stm32f4xx_hal_i2s_ex.o
                0x0000000008003498                HAL_I2SEx_FullDuplex_IRQHandler
 .text.HAL_I2SEx_TxRxCpltCallback
                0x0000000008003740       0x14 Drivers/STM32F4xx_HAL_Driver/Src/stm32f4xx_hal_i2s_ex.o
                0x0000000008003740                HAL_I2SEx_TxRxCpltCallback
 .text.I2SEx_TxISR_I2S
                0x0000000008003754       0x62 Drivers/STM32F4xx_HAL_Driver/Src/stm32f4xx_hal_i2s_ex.o
 *fill*         0x00000000080037b6        0x2 
 .text.I2SEx_TxISR_I2SExt
                0x00000000080037b8       0x98 Drivers/STM32F4xx_HAL_Driver/Src/stm32f4xx_hal_i2s_ex.o
 .text.I2SEx_RxISR_I2S
                0x0000000008003850       0x64 Drivers/STM32F4xx_HAL_Driver/Src/stm32f4xx_hal_i2s_ex.o
 .text.I2SEx_RxISR_I2SExt
                0x00000000080038b4       0x98 Drivers/STM32F4xx_HAL_Driver/Src/stm32f4xx_hal_i2s_ex.o
 .text.HAL_RCC_OscConfig
                0x000000000800394c      0x4e0 Drivers/STM32F4xx_HAL_Driver/Src/stm32f4xx_hal_rcc.o
                0x000000000800394c                HAL_RCC_OscConfig
 .text.HAL_RCC_ClockConfig
                0x0000000008003e2c      0x1cc Drivers/STM32F4xx_HAL_Driver/Src/stm32f4xx_hal_rcc.o
                0x0000000008003e2c                HAL_RCC_ClockConfig
 .text.HAL_RCC_GetSysClockFreq
                0x0000000008003ff8      0x1b0 Drivers/STM32F4xx_HAL_Driver/Src/stm32f4xx_hal_rcc.o
                0x0000000008003ff8                HAL_RCC_GetSysClockFreq
 .text.HAL_RCC_GetHCLKFreq
                0x00000000080041a8       0x18 Drivers/STM32F4xx_HAL_Driver/Src/stm32f4xx_hal_rcc.o
                0x00000000080041a8                HAL_RCC_GetHCLKFreq
 .text.HAL_RCC_GetPCLK1Freq
                0x00000000080041c0       0x28 Drivers/STM32F4xx_HAL_Driver/Src/stm32f4xx_hal_rcc.o
                0x00000000080041c0                HAL_RCC_GetPCLK1Freq
 .text.HAL_RCCEx_PeriphCLKConfig
                0x00000000080041e8      0x1c4 Drivers/STM32F4xx_HAL_Driver/Src/stm32f4xx_hal_rcc_ex.o
                0x00000000080041e8                HAL_RCCEx_PeriphCLKConfig
 .text.HAL_RCCEx_GetPeriphCLKFreq
                0x00000000080043ac       0xb8 Drivers/STM32F4xx_HAL_Driver/Src/stm32f4xx_hal_rcc_ex.o
                0x00000000080043ac                HAL_RCCEx_GetPeriphCLKFreq
 .text.HAL_SPI_Init
                0x0000000008004464       0xc8 Drivers/STM32F4xx_HAL_Driver/Src/stm32f4xx_hal_spi.o
                0x0000000008004464                HAL_SPI_Init
 .text.USB_CoreInit
                0x000000000800452c       0xc2 Drivers/STM32F4xx_HAL_Driver/Src/stm32f4xx_ll_usb.o
                0x000000000800452c                USB_CoreInit
 .text.USB_EnableGlobalInt
                0x00000000080045ee       0x22 Drivers/STM32F4xx_HAL_Driver/Src/stm32f4xx_ll_usb.o
                0x00000000080045ee                USB_EnableGlobalInt
 .text.USB_DisableGlobalInt
                0x0000000008004610       0x22 Drivers/STM32F4xx_HAL_Driver/Src/stm32f4xx_ll_usb.o
                0x0000000008004610                USB_DisableGlobalInt
 .text.USB_SetCurrentMode
                0x0000000008004632       0x54 Drivers/STM32F4xx_HAL_Driver/Src/stm32f4xx_ll_usb.o
                0x0000000008004632                USB_SetCurrentMode
 *fill*         0x0000000008004686        0x2 
 .text.USB_FlushTxFifo
                0x0000000008004688       0x4c Drivers/STM32F4xx_HAL_Driver/Src/stm32f4xx_ll_usb.o
                0x0000000008004688                USB_FlushTxFifo
 .text.USB_FlushRxFifo
                0x00000000080046d4       0x44 Drivers/STM32F4xx_HAL_Driver/Src/stm32f4xx_ll_usb.o
                0x00000000080046d4                USB_FlushRxFifo
 .text.USB_WritePacket
                0x0000000008004718       0x6a Drivers/STM32F4xx_HAL_Driver/Src/stm32f4xx_ll_usb.o
                0x0000000008004718                USB_WritePacket
 .text.USB_ReadPacket
                0x0000000008004782       0x52 Drivers/STM32F4xx_HAL_Driver/Src/stm32f4xx_ll_usb.o
                0x0000000008004782                USB_ReadPacket
 .text.USB_ReadInterrupts
                0x00000000080047d4       0x26 Drivers/STM32F4xx_HAL_Driver/Src/stm32f4xx_ll_usb.o
                0x00000000080047d4                USB_ReadInterrupts
 .text.USB_GetMode
                0x00000000080047fa       0x1c Drivers/STM32F4xx_HAL_Driver/Src/stm32f4xx_ll_usb.o
                0x00000000080047fa                USB_GetMode
 *fill*         0x0000000008004816        0x2 
 .text.USB_CoreReset
                0x0000000008004818       0x68 Drivers/STM32F4xx_HAL_Driver/Src/stm32f4xx_ll_usb.o
 .text.USB_HostInit
                0x0000000008004880      0x178 Drivers/STM32F4xx_HAL_Driver/Src/stm32f4xx_ll_usb.o
                0x0000000008004880                USB_HostInit
 .text.USB_InitFSLSPClkSel
                0x00000000080049f8       0x74 Drivers/STM32F4xx_HAL_Driver/Src/stm32f4xx_ll_usb.o
                0x00000000080049f8                USB_InitFSLSPClkSel
 .text.USB_ResetPort
                0x0000000008004a6c       0x54 Drivers/STM32F4xx_HAL_Driver/Src/stm32f4xx_ll_usb.o
                0x0000000008004a6c                USB_ResetPort
 .text.USB_DriveVbus
                0x0000000008004ac0       0x72 Drivers/STM32F4xx_HAL_Driver/Src/stm32f4xx_ll_usb.o
                0x0000000008004ac0                USB_DriveVbus
 .text.USB_GetHostSpeed
                0x0000000008004b32       0x2e Drivers/STM32F4xx_HAL_Driver/Src/stm32f4xx_ll_usb.o
                0x0000000008004b32                USB_GetHostSpeed
 .text.USB_GetCurrentFrame
                0x0000000008004b60       0x22 Drivers/STM32F4xx_HAL_Driver/Src/stm32f4xx_ll_usb.o
                0x0000000008004b60                USB_GetCurrentFrame
 *fill*         0x0000000008004b82        0x2 
 .text.USB_HC_Init
                0x0000000008004b84      0x214 Drivers/STM32F4xx_HAL_Driver/Src/stm32f4xx_ll_usb.o
                0x0000000008004b84                USB_HC_Init
 .text.USB_HC_StartXfer
                0x0000000008004d98      0x28c Drivers/STM32F4xx_HAL_Driver/Src/stm32f4xx_ll_usb.o
                0x0000000008004d98                USB_HC_StartXfer
 .text.USB_HC_ReadInterrupt
                0x0000000008005024       0x22 Drivers/STM32F4xx_HAL_Driver/Src/stm32f4xx_ll_usb.o
                0x0000000008005024                USB_HC_ReadInterrupt
 .text.USB_HC_Halt
                0x0000000008005046      0x1fe Drivers/STM32F4xx_HAL_Driver/Src/stm32f4xx_ll_usb.o
                0x0000000008005046                USB_HC_Halt
 .text.USB_DoPing
                0x0000000008005244       0x78 Drivers/STM32F4xx_HAL_Driver/Src/stm32f4xx_ll_usb.o
                0x0000000008005244                USB_DoPing
 .text.USB_StopHost
                0x00000000080052bc      0x10c Drivers/STM32F4xx_HAL_Driver/Src/stm32f4xx_ll_usb.o
                0x00000000080052bc                USB_StopHost
 .text.USBH_CDC_InterfaceInit
                0x00000000080053c8      0x2ac Middlewares/ST/STM32_USB_Host_Library/Class/CDC/Src/usbh_cdc.o
 .text.USBH_CDC_InterfaceDeInit
                0x0000000008005674       0xb2 Middlewares/ST/STM32_USB_Host_Library/Class/CDC/Src/usbh_cdc.o
 .text.USBH_CDC_ClassRequest
                0x0000000008005726       0x3e Middlewares/ST/STM32_USB_Host_Library/Class/CDC/Src/usbh_cdc.o
 .text.USBH_CDC_Process
                0x0000000008005764      0x12c Middlewares/ST/STM32_USB_Host_Library/Class/CDC/Src/usbh_cdc.o
 .text.USBH_CDC_SOFProcess
                0x0000000008005890       0x16 Middlewares/ST/STM32_USB_Host_Library/Class/CDC/Src/usbh_cdc.o
 .text.GetLineCoding
                0x00000000080058a6       0x3e Middlewares/ST/STM32_USB_Host_Library/Class/CDC/Src/usbh_cdc.o
 .text.SetLineCoding
                0x00000000080058e4       0x3e Middlewares/ST/STM32_USB_Host_Library/Class/CDC/Src/usbh_cdc.o
 .text.CDC_ProcessTransmission
                0x0000000008005922       0xf0 Middlewares/ST/STM32_USB_Host_Library/Class/CDC/Src/usbh_cdc.o
 .text.CDC_ProcessReception
                0x0000000008005a12       0xb6 Middlewares/ST/STM32_USB_Host_Library/Class/CDC/Src/usbh_cdc.o
 .text.USBH_CDC_TransmitCallback
                0x0000000008005ac8       0x14 Middlewares/ST/STM32_USB_Host_Library/Class/CDC/Src/usbh_cdc.o
                0x0000000008005ac8                USBH_CDC_TransmitCallback
 .text.USBH_CDC_ReceiveCallback
                0x0000000008005adc       0x14 Middlewares/ST/STM32_USB_Host_Library/Class/CDC/Src/usbh_cdc.o
                0x0000000008005adc                USBH_CDC_ReceiveCallback
 .text.USBH_CDC_LineCodingChanged
                0x0000000008005af0       0x14 Middlewares/ST/STM32_USB_Host_Library/Class/CDC/Src/usbh_cdc.o
                0x0000000008005af0                USBH_CDC_LineCodingChanged
 .text.USBH_Init
                0x0000000008005b04       0x74 Middlewares/ST/STM32_USB_Host_Library/Core/Src/usbh_core.o
                0x0000000008005b04                USBH_Init
 .text.DeInitStateMachine
                0x0000000008005b78       0xa8 Middlewares/ST/STM32_USB_Host_Library/Core/Src/usbh_core.o
 .text.USBH_RegisterClass
                0x0000000008005c20       0x54 Middlewares/ST/STM32_USB_Host_Library/Core/Src/usbh_core.o
                0x0000000008005c20                USBH_RegisterClass
 .text.USBH_SelectInterface
                0x0000000008005c74       0x38 Middlewares/ST/STM32_USB_Host_Library/Core/Src/usbh_core.o
                0x0000000008005c74                USBH_SelectInterface
 .text.USBH_FindInterface
                0x0000000008005cac       0x8c Middlewares/ST/STM32_USB_Host_Library/Core/Src/usbh_core.o
                0x0000000008005cac                USBH_FindInterface
 .text.USBH_Start
                0x0000000008005d38       0x20 Middlewares/ST/STM32_USB_Host_Library/Core/Src/usbh_core.o
                0x0000000008005d38                USBH_Start
 .text.USBH_Process
                0x0000000008005d58      0x3c0 Middlewares/ST/STM32_USB_Host_Library/Core/Src/usbh_core.o
                0x0000000008005d58                USBH_Process
 .text.USBH_HandleEnum
                0x0000000008006118      0x3c8 Middlewares/ST/STM32_USB_Host_Library/Core/Src/usbh_core.o
 .text.USBH_LL_SetTimer
                0x00000000080064e0       0x1e Middlewares/ST/STM32_USB_Host_Library/Core/Src/usbh_core.o
                0x00000000080064e0                USBH_LL_SetTimer
 .text.USBH_LL_IncTimer
                0x00000000080064fe       0x24 Middlewares/ST/STM32_USB_Host_Library/Core/Src/usbh_core.o
                0x00000000080064fe                USBH_LL_IncTimer
 .text.USBH_HandleSof
                0x0000000008006522       0x30 Middlewares/ST/STM32_USB_Host_Library/Core/Src/usbh_core.o
 .text.USBH_LL_PortEnabled
                0x0000000008006552       0x1c Middlewares/ST/STM32_USB_Host_Library/Core/Src/usbh_core.o
                0x0000000008006552                USBH_LL_PortEnabled
 .text.USBH_LL_PortDisabled
                0x000000000800656e       0x1c Middlewares/ST/STM32_USB_Host_Library/Core/Src/usbh_core.o
                0x000000000800656e                USBH_LL_PortDisabled
 .text.USBH_LL_Connect
                0x000000000800658a       0x2e Middlewares/ST/STM32_USB_Host_Library/Core/Src/usbh_core.o
                0x000000000800658a                USBH_LL_Connect
 .text.USBH_LL_Disconnect
                0x00000000080065b8       0x48 Middlewares/ST/STM32_USB_Host_Library/Core/Src/usbh_core.o
                0x00000000080065b8                USBH_LL_Disconnect
 .text.USBH_Get_DevDesc
                0x0000000008006600       0x50 Middlewares/ST/STM32_USB_Host_Library/Core/Src/usbh_ctlreq.o
                0x0000000008006600                USBH_Get_DevDesc
 .text.USBH_Get_CfgDesc
                0x0000000008006650       0x48 Middlewares/ST/STM32_USB_Host_Library/Core/Src/usbh_ctlreq.o
                0x0000000008006650                USBH_Get_CfgDesc
 .text.USBH_Get_StringDesc
                0x0000000008006698       0x56 Middlewares/ST/STM32_USB_Host_Library/Core/Src/usbh_ctlreq.o
                0x0000000008006698                USBH_Get_StringDesc
 .text.USBH_GetDescriptor
                0x00000000080066ee       0x6a Middlewares/ST/STM32_USB_Host_Library/Core/Src/usbh_ctlreq.o
                0x00000000080066ee                USBH_GetDescriptor
 .text.USBH_SetAddress
                0x0000000008006758       0x48 Middlewares/ST/STM32_USB_Host_Library/Core/Src/usbh_ctlreq.o
                0x0000000008006758                USBH_SetAddress
 .text.USBH_SetCfg
                0x00000000080067a0       0x46 Middlewares/ST/STM32_USB_Host_Library/Core/Src/usbh_ctlreq.o
                0x00000000080067a0                USBH_SetCfg
 .text.USBH_SetFeature
                0x00000000080067e6       0x48 Middlewares/ST/STM32_USB_Host_Library/Core/Src/usbh_ctlreq.o
                0x00000000080067e6                USBH_SetFeature
 .text.USBH_ClrFeature
                0x000000000800682e       0x48 Middlewares/ST/STM32_USB_Host_Library/Core/Src/usbh_ctlreq.o
                0x000000000800682e                USBH_ClrFeature
 .text.USBH_ParseDevDesc
                0x0000000008006876       0xe0 Middlewares/ST/STM32_USB_Host_Library/Core/Src/usbh_ctlreq.o
 .text.USBH_ParseCfgDesc
                0x0000000008006956      0x144 Middlewares/ST/STM32_USB_Host_Library/Core/Src/usbh_ctlreq.o
 .text.USBH_ParseInterfaceDesc
                0x0000000008006a9a       0x5e Middlewares/ST/STM32_USB_Host_Library/Core/Src/usbh_ctlreq.o
 .text.USBH_ParseEPDesc
                0x0000000008006af8       0x5a Middlewares/ST/STM32_USB_Host_Library/Core/Src/usbh_ctlreq.o
 .text.USBH_ParseStringDesc
                0x0000000008006b52       0x66 Middlewares/ST/STM32_USB_Host_Library/Core/Src/usbh_ctlreq.o
 .text.USBH_GetNextDesc
                0x0000000008006bb8       0x36 Middlewares/ST/STM32_USB_Host_Library/Core/Src/usbh_ctlreq.o
                0x0000000008006bb8                USBH_GetNextDesc
 .text.USBH_CtlReq
                0x0000000008006bee       0x7a Middlewares/ST/STM32_USB_Host_Library/Core/Src/usbh_ctlreq.o
                0x0000000008006bee                USBH_CtlReq
 .text.USBH_HandleControl
                0x0000000008006c68      0x2ec Middlewares/ST/STM32_USB_Host_Library/Core/Src/usbh_ctlreq.o
 .text.USBH_CtlSendSetup
                0x0000000008006f54       0x34 Middlewares/ST/STM32_USB_Host_Library/Core/Src/usbh_ioreq.o
                0x0000000008006f54                USBH_CtlSendSetup
 .text.USBH_CtlSendData
                0x0000000008006f88       0x4a Middlewares/ST/STM32_USB_Host_Library/Core/Src/usbh_ioreq.o
                0x0000000008006f88                USBH_CtlSendData
 .text.USBH_CtlReceiveData
                0x0000000008006fd2       0x3c Middlewares/ST/STM32_USB_Host_Library/Core/Src/usbh_ioreq.o
                0x0000000008006fd2                USBH_CtlReceiveData
 .text.USBH_BulkSendData
                0x000000000800700e       0x4a Middlewares/ST/STM32_USB_Host_Library/Core/Src/usbh_ioreq.o
                0x000000000800700e                USBH_BulkSendData
 .text.USBH_BulkReceiveData
                0x0000000008007058       0x3c Middlewares/ST/STM32_USB_Host_Library/Core/Src/usbh_ioreq.o
                0x0000000008007058                USBH_BulkReceiveData
 .text.USBH_OpenPipe
                0x0000000008007094       0x3e Middlewares/ST/STM32_USB_Host_Library/Core/Src/usbh_pipes.o
                0x0000000008007094                USBH_OpenPipe
 .text.USBH_ClosePipe
                0x00000000080070d2       0x20 Middlewares/ST/STM32_USB_Host_Library/Core/Src/usbh_pipes.o
                0x00000000080070d2                USBH_ClosePipe
 .text.USBH_AllocPipe
                0x00000000080070f2       0x42 Middlewares/ST/STM32_USB_Host_Library/Core/Src/usbh_pipes.o
                0x00000000080070f2                USBH_AllocPipe
 .text.USBH_FreePipe
                0x0000000008007134       0x3c Middlewares/ST/STM32_USB_Host_Library/Core/Src/usbh_pipes.o
                0x0000000008007134                USBH_FreePipe
 .text.USBH_GetFreePipe
                0x0000000008007170       0x48 Middlewares/ST/STM32_USB_Host_Library/Core/Src/usbh_pipes.o
 .text.MX_USB_HOST_Init
                0x00000000080071b8       0x4c USB_HOST/App/usb_host.o
                0x00000000080071b8                MX_USB_HOST_Init
 .text.MX_USB_HOST_Process
                0x0000000008007204       0x14 USB_HOST/App/usb_host.o
                0x0000000008007204                MX_USB_HOST_Process
 .text.USBH_UserProcess
                0x0000000008007218       0x5c USB_HOST/App/usb_host.o
 .text.HAL_HCD_MspInit
                0x0000000008007274       0xc4 USB_HOST/Target/usbh_conf.o
                0x0000000008007274                HAL_HCD_MspInit
 .text.HAL_HCD_SOF_Callback
                0x0000000008007338       0x1c USB_HOST/Target/usbh_conf.o
                0x0000000008007338                HAL_HCD_SOF_Callback
 .text.HAL_HCD_Connect_Callback
                0x0000000008007354       0x1c USB_HOST/Target/usbh_conf.o
                0x0000000008007354                HAL_HCD_Connect_Callback
 .text.HAL_HCD_Disconnect_Callback
                0x0000000008007370       0x1c USB_HOST/Target/usbh_conf.o
                0x0000000008007370                HAL_HCD_Disconnect_Callback
 .text.HAL_HCD_HC_NotifyURBChange_Callback
                0x000000000800738c       0x1c USB_HOST/Target/usbh_conf.o
                0x000000000800738c                HAL_HCD_HC_NotifyURBChange_Callback
 .text.HAL_HCD_PortEnabled_Callback
                0x00000000080073a8       0x1c USB_HOST/Target/usbh_conf.o
                0x00000000080073a8                HAL_HCD_PortEnabled_Callback
 .text.HAL_HCD_PortDisabled_Callback
                0x00000000080073c4       0x1c USB_HOST/Target/usbh_conf.o
                0x00000000080073c4                HAL_HCD_PortDisabled_Callback
 .text.USBH_LL_Init
                0x00000000080073e0       0x78 USB_HOST/Target/usbh_conf.o
                0x00000000080073e0                USBH_LL_Init
 .text.USBH_LL_Start
                0x0000000008007458       0x36 USB_HOST/Target/usbh_conf.o
                0x0000000008007458                USBH_LL_Start
 .text.USBH_LL_Stop
                0x000000000800748e       0x36 USB_HOST/Target/usbh_conf.o
                0x000000000800748e                USBH_LL_Stop
 .text.USBH_LL_GetSpeed
                0x00000000080074c4       0x4a USB_HOST/Target/usbh_conf.o
                0x00000000080074c4                USBH_LL_GetSpeed
 .text.USBH_LL_ResetPort
                0x000000000800750e       0x36 USB_HOST/Target/usbh_conf.o
                0x000000000800750e                USBH_LL_ResetPort
 .text.USBH_LL_GetLastXferSize
                0x0000000008007544       0x26 USB_HOST/Target/usbh_conf.o
                0x0000000008007544                USBH_LL_GetLastXferSize
 .text.USBH_LL_OpenPipe
                0x000000000800756a       0x5e USB_HOST/Target/usbh_conf.o
                0x000000000800756a                USBH_LL_OpenPipe
 .text.USBH_LL_ClosePipe
                0x00000000080075c8       0x3e USB_HOST/Target/usbh_conf.o
                0x00000000080075c8                USBH_LL_ClosePipe
 .text.USBH_LL_SubmitURB
                0x0000000008007606       0x62 USB_HOST/Target/usbh_conf.o
                0x0000000008007606                USBH_LL_SubmitURB
 .text.USBH_LL_GetURBState
                0x0000000008007668       0x26 USB_HOST/Target/usbh_conf.o
                0x0000000008007668                USBH_LL_GetURBState
 .text.USBH_LL_DriverVBUS
                0x000000000800768e       0x2e USB_HOST/Target/usbh_conf.o
                0x000000000800768e                USBH_LL_DriverVBUS
 .text.USBH_LL_SetToggle
                0x00000000080076bc       0x66 USB_HOST/Target/usbh_conf.o
                0x00000000080076bc                USBH_LL_SetToggle
 .text.USBH_Delay
                0x0000000008007722       0x16 USB_HOST/Target/usbh_conf.o
                0x0000000008007722                USBH_Delay
 .text.USBH_Get_USB_Status
                0x0000000008007738       0x58 USB_HOST/Target/usbh_conf.o
                0x0000000008007738                USBH_Get_USB_Status
 .text.MX_DriverVbusFS
                0x0000000008007790       0x38 USB_HOST/Target/usbh_platform.o
                0x0000000008007790                MX_DriverVbusFS
 .text.__errno  0x00000000080077c8        0xc e:/han/stm32cubeide_1.5.1/stm32cubeide/plugins/com.st.stm32cube.ide.mcu.externaltools.gnu-tools-for-stm32.7-2018-q2-update.win32_1.5.0.202011040924/tools/bin/../lib/gcc/arm-none-eabi/7.3.1/../../../../arm-none-eabi/lib/thumb/v7e-m/fpv4-sp/hard\libc_nano.a(lib_a-errno.o)
                0x00000000080077c8                __errno
 .text.__libc_init_array
                0x00000000080077d4       0x48 e:/han/stm32cubeide_1.5.1/stm32cubeide/plugins/com.st.stm32cube.ide.mcu.externaltools.gnu-tools-for-stm32.7-2018-q2-update.win32_1.5.0.202011040924/tools/bin/../lib/gcc/arm-none-eabi/7.3.1/../../../../arm-none-eabi/lib/thumb/v7e-m/fpv4-sp/hard\libc_nano.a(lib_a-init.o)
                0x00000000080077d4                __libc_init_array
 .text.malloc   0x000000000800781c       0x10 e:/han/stm32cubeide_1.5.1/stm32cubeide/plugins/com.st.stm32cube.ide.mcu.externaltools.gnu-tools-for-stm32.7-2018-q2-update.win32_1.5.0.202011040924/tools/bin/../lib/gcc/arm-none-eabi/7.3.1/../../../../arm-none-eabi/lib/thumb/v7e-m/fpv4-sp/hard\libc_nano.a(lib_a-malloc.o)
                0x000000000800781c                malloc
 .text.free     0x000000000800782c       0x10 e:/han/stm32cubeide_1.5.1/stm32cubeide/plugins/com.st.stm32cube.ide.mcu.externaltools.gnu-tools-for-stm32.7-2018-q2-update.win32_1.5.0.202011040924/tools/bin/../lib/gcc/arm-none-eabi/7.3.1/../../../../arm-none-eabi/lib/thumb/v7e-m/fpv4-sp/hard\libc_nano.a(lib_a-malloc.o)
                0x000000000800782c                free
 .text.memset   0x000000000800783c       0x10 e:/han/stm32cubeide_1.5.1/stm32cubeide/plugins/com.st.stm32cube.ide.mcu.externaltools.gnu-tools-for-stm32.7-2018-q2-update.win32_1.5.0.202011040924/tools/bin/../lib/gcc/arm-none-eabi/7.3.1/../../../../arm-none-eabi/lib/thumb/v7e-m/fpv4-sp/hard\libc_nano.a(lib_a-memset.o)
                0x000000000800783c                memset
 .text._free_r  0x000000000800784c       0x9c e:/han/stm32cubeide_1.5.1/stm32cubeide/plugins/com.st.stm32cube.ide.mcu.externaltools.gnu-tools-for-stm32.7-2018-q2-update.win32_1.5.0.202011040924/tools/bin/../lib/gcc/arm-none-eabi/7.3.1/../../../../arm-none-eabi/lib/thumb/v7e-m/fpv4-sp/hard\libc_nano.a(lib_a-nano-freer.o)
                0x000000000800784c                _free_r
 .text._malloc_r
                0x00000000080078e8       0xb4 e:/han/stm32cubeide_1.5.1/stm32cubeide/plugins/com.st.stm32cube.ide.mcu.externaltools.gnu-tools-for-stm32.7-2018-q2-update.win32_1.5.0.202011040924/tools/bin/../lib/gcc/arm-none-eabi/7.3.1/../../../../arm-none-eabi/lib/thumb/v7e-m/fpv4-sp/hard\libc_nano.a(lib_a-nano-mallocr.o)
                0x00000000080078e8                _malloc_r
 .text._sbrk_r  0x000000000800799c       0x20 e:/han/stm32cubeide_1.5.1/stm32cubeide/plugins/com.st.stm32cube.ide.mcu.externaltools.gnu-tools-for-stm32.7-2018-q2-update.win32_1.5.0.202011040924/tools/bin/../lib/gcc/arm-none-eabi/7.3.1/../../../../arm-none-eabi/lib/thumb/v7e-m/fpv4-sp/hard\libc_nano.a(lib_a-sbrkr.o)
                0x000000000800799c                _sbrk_r
 .text.__malloc_lock
                0x00000000080079bc        0x2 e:/han/stm32cubeide_1.5.1/stm32cubeide/plugins/com.st.stm32cube.ide.mcu.externaltools.gnu-tools-for-stm32.7-2018-q2-update.win32_1.5.0.202011040924/tools/bin/../lib/gcc/arm-none-eabi/7.3.1/../../../../arm-none-eabi/lib/thumb/v7e-m/fpv4-sp/hard\libc_nano.a(lib_a-mlock.o)
                0x00000000080079bc                __malloc_lock
 .text.__malloc_unlock
                0x00000000080079be        0x2 e:/han/stm32cubeide_1.5.1/stm32cubeide/plugins/com.st.stm32cube.ide.mcu.externaltools.gnu-tools-for-stm32.7-2018-q2-update.win32_1.5.0.202011040924/tools/bin/../lib/gcc/arm-none-eabi/7.3.1/../../../../arm-none-eabi/lib/thumb/v7e-m/fpv4-sp/hard\libc_nano.a(lib_a-mlock.o)
                0x00000000080079be                __malloc_unlock
 *(.glue_7)
 .glue_7        0x00000000080079c0        0x0 linker stubs
 *(.glue_7t)
 .glue_7t       0x00000000080079c0        0x0 linker stubs
 *(.eh_frame)
 .eh_frame      0x00000000080079c0        0x0 e:/han/stm32cubeide_1.5.1/stm32cubeide/plugins/com.st.stm32cube.ide.mcu.externaltools.gnu-tools-for-stm32.7-2018-q2-update.win32_1.5.0.202011040924/tools/bin/../lib/gcc/arm-none-eabi/7.3.1/thumb/v7e-m/fpv4-sp/hard/crtbegin.o
 *(.init)
 .init          0x00000000080079c0        0x4 e:/han/stm32cubeide_1.5.1/stm32cubeide/plugins/com.st.stm32cube.ide.mcu.externaltools.gnu-tools-for-stm32.7-2018-q2-update.win32_1.5.0.202011040924/tools/bin/../lib/gcc/arm-none-eabi/7.3.1/thumb/v7e-m/fpv4-sp/hard/crti.o
                0x00000000080079c0                _init
 .init          0x00000000080079c4        0x8 e:/han/stm32cubeide_1.5.1/stm32cubeide/plugins/com.st.stm32cube.ide.mcu.externaltools.gnu-tools-for-stm32.7-2018-q2-update.win32_1.5.0.202011040924/tools/bin/../lib/gcc/arm-none-eabi/7.3.1/thumb/v7e-m/fpv4-sp/hard/crtn.o
 *(.fini)
 .fini          0x00000000080079cc        0x4 e:/han/stm32cubeide_1.5.1/stm32cubeide/plugins/com.st.stm32cube.ide.mcu.externaltools.gnu-tools-for-stm32.7-2018-q2-update.win32_1.5.0.202011040924/tools/bin/../lib/gcc/arm-none-eabi/7.3.1/thumb/v7e-m/fpv4-sp/hard/crti.o
                0x00000000080079cc                _fini
 .fini          0x00000000080079d0        0x8 e:/han/stm32cubeide_1.5.1/stm32cubeide/plugins/com.st.stm32cube.ide.mcu.externaltools.gnu-tools-for-stm32.7-2018-q2-update.win32_1.5.0.202011040924/tools/bin/../lib/gcc/arm-none-eabi/7.3.1/thumb/v7e-m/fpv4-sp/hard/crtn.o
                0x00000000080079d8                . = ALIGN (0x4)
                0x00000000080079d8                _etext = .

.vfp11_veneer   0x00000000080079d8        0x0
 .vfp11_veneer  0x00000000080079d8        0x0 linker stubs

.v4_bx          0x00000000080079d8        0x0
 .v4_bx         0x00000000080079d8        0x0 linker stubs

.iplt           0x00000000080079d8        0x0
 .iplt          0x00000000080079d8        0x0 e:/han/stm32cubeide_1.5.1/stm32cubeide/plugins/com.st.stm32cube.ide.mcu.externaltools.gnu-tools-for-stm32.7-2018-q2-update.win32_1.5.0.202011040924/tools/bin/../lib/gcc/arm-none-eabi/7.3.1/thumb/v7e-m/fpv4-sp/hard/crtbegin.o

.rodata         0x00000000080079d8       0x1c
                0x00000000080079d8                . = ALIGN (0x4)
 *(.rodata)
 .rodata        0x00000000080079d8        0x4 Middlewares/ST/STM32_USB_Host_Library/Class/CDC/Src/usbh_cdc.o
 *(.rodata*)
 .rodata.AHBPrescTable
                0x00000000080079dc       0x10 Core/Src/system_stm32f4xx.o
                0x00000000080079dc                AHBPrescTable
 .rodata.APBPrescTable
                0x00000000080079ec        0x8 Core/Src/system_stm32f4xx.o
                0x00000000080079ec                APBPrescTable
                0x00000000080079f4                . = ALIGN (0x4)

.ARM.extab      0x00000000080079f4        0x0
                0x00000000080079f4                . = ALIGN (0x4)
 *(.ARM.extab* .gnu.linkonce.armextab.*)
                0x00000000080079f4                . = ALIGN (0x4)

.ARM            0x00000000080079f4        0x8
                0x00000000080079f4                . = ALIGN (0x4)
                0x00000000080079f4                __exidx_start = .
 *(.ARM.exidx*)
 .ARM.exidx     0x00000000080079f4        0x8 e:/han/stm32cubeide_1.5.1/stm32cubeide/plugins/com.st.stm32cube.ide.mcu.externaltools.gnu-tools-for-stm32.7-2018-q2-update.win32_1.5.0.202011040924/tools/bin/../lib/gcc/arm-none-eabi/7.3.1/thumb/v7e-m/fpv4-sp/hard\libgcc.a(_udivmoddi4.o)
                0x00000000080079fc                __exidx_end = .
                0x00000000080079fc                . = ALIGN (0x4)

.rel.dyn        0x00000000080079fc        0x0
 .rel.iplt      0x00000000080079fc        0x0 e:/han/stm32cubeide_1.5.1/stm32cubeide/plugins/com.st.stm32cube.ide.mcu.externaltools.gnu-tools-for-stm32.7-2018-q2-update.win32_1.5.0.202011040924/tools/bin/../lib/gcc/arm-none-eabi/7.3.1/thumb/v7e-m/fpv4-sp/hard/crtbegin.o

.preinit_array  0x00000000080079fc        0x0
                0x00000000080079fc                . = ALIGN (0x4)
                0x00000000080079fc                PROVIDE (__preinit_array_start = .)
 *(.preinit_array*)
                0x00000000080079fc                PROVIDE (__preinit_array_end = .)
                0x00000000080079fc                . = ALIGN (0x4)

.init_array     0x00000000080079fc        0x4
                0x00000000080079fc                . = ALIGN (0x4)
                0x00000000080079fc                PROVIDE (__init_array_start = .)
 *(SORT_BY_NAME(.init_array.*))
 *(.init_array*)
 .init_array    0x00000000080079fc        0x4 e:/han/stm32cubeide_1.5.1/stm32cubeide/plugins/com.st.stm32cube.ide.mcu.externaltools.gnu-tools-for-stm32.7-2018-q2-update.win32_1.5.0.202011040924/tools/bin/../lib/gcc/arm-none-eabi/7.3.1/thumb/v7e-m/fpv4-sp/hard/crtbegin.o
                0x0000000008007a00                PROVIDE (__init_array_end = .)
                0x0000000008007a00                . = ALIGN (0x4)

.fini_array     0x0000000008007a00        0x4
                0x0000000008007a00                . = ALIGN (0x4)
                [!provide]                        PROVIDE (__fini_array_start = .)
 *(SORT_BY_NAME(.fini_array.*))
 *(.fini_array*)
 .fini_array    0x0000000008007a00        0x4 e:/han/stm32cubeide_1.5.1/stm32cubeide/plugins/com.st.stm32cube.ide.mcu.externaltools.gnu-tools-for-stm32.7-2018-q2-update.win32_1.5.0.202011040924/tools/bin/../lib/gcc/arm-none-eabi/7.3.1/thumb/v7e-m/fpv4-sp/hard/crtbegin.o
                [!provide]                        PROVIDE (__fini_array_end = .)
                0x0000000008007a04                . = ALIGN (0x4)
                0x0000000008007a04                _sidata = LOADADDR (.data)

.data           0x0000000020000000       0x90 load address 0x0000000008007a04
                0x0000000020000000                . = ALIGN (0x4)
                0x0000000020000000                _sdata = .
 *(.data)
 *(.data*)
 .data.SystemCoreClock
                0x0000000020000000        0x4 Core/Src/system_stm32f4xx.o
                0x0000000020000000                SystemCoreClock
 .data.uwTickPrio
                0x0000000020000004        0x4 Drivers/STM32F4xx_HAL_Driver/Src/stm32f4xx_hal.o
                0x0000000020000004                uwTickPrio
 .data.uwTickFreq
                0x0000000020000008        0x1 Drivers/STM32F4xx_HAL_Driver/Src/stm32f4xx_hal.o
                0x0000000020000008                uwTickFreq
 *fill*         0x0000000020000009        0x3 
 .data.CDC_Class
                0x000000002000000c       0x20 Middlewares/ST/STM32_USB_Host_Library/Class/CDC/Src/usbh_cdc.o
                0x000000002000000c                CDC_Class
 .data._impure_ptr
                0x000000002000002c        0x4 e:/han/stm32cubeide_1.5.1/stm32cubeide/plugins/com.st.stm32cube.ide.mcu.externaltools.gnu-tools-for-stm32.7-2018-q2-update.win32_1.5.0.202011040924/tools/bin/../lib/gcc/arm-none-eabi/7.3.1/../../../../arm-none-eabi/lib/thumb/v7e-m/fpv4-sp/hard\libc_nano.a(lib_a-impure.o)
                0x000000002000002c                _impure_ptr
 .data.impure_data
                0x0000000020000030       0x60 e:/han/stm32cubeide_1.5.1/stm32cubeide/plugins/com.st.stm32cube.ide.mcu.externaltools.gnu-tools-for-stm32.7-2018-q2-update.win32_1.5.0.202011040924/tools/bin/../lib/gcc/arm-none-eabi/7.3.1/../../../../arm-none-eabi/lib/thumb/v7e-m/fpv4-sp/hard\libc_nano.a(lib_a-impure.o)
 *(.RamFunc)
 *(.RamFunc*)
                0x0000000020000090                . = ALIGN (0x4)
                0x0000000020000090                _edata = .

.igot.plt       0x0000000020000090        0x0 load address 0x0000000008007a94
 .igot.plt      0x0000000020000090        0x0 e:/han/stm32cubeide_1.5.1/stm32cubeide/plugins/com.st.stm32cube.ide.mcu.externaltools.gnu-tools-for-stm32.7-2018-q2-update.win32_1.5.0.202011040924/tools/bin/../lib/gcc/arm-none-eabi/7.3.1/thumb/v7e-m/fpv4-sp/hard/crtbegin.o
                0x0000000020000090                . = ALIGN (0x4)

.bss            0x0000000020000090      0x7c8 load address 0x0000000008007a94
                0x0000000020000090                _sbss = .
                0x0000000020000090                __bss_start__ = _sbss
 *(.bss)
 .bss           0x0000000020000090       0x1c e:/han/stm32cubeide_1.5.1/stm32cubeide/plugins/com.st.stm32cube.ide.mcu.externaltools.gnu-tools-for-stm32.7-2018-q2-update.win32_1.5.0.202011040924/tools/bin/../lib/gcc/arm-none-eabi/7.3.1/thumb/v7e-m/fpv4-sp/hard/crtbegin.o
 *(.bss*)
 .bss.__sbrk_heap_end
                0x00000000200000ac        0x4 Core/Src/sysmem.o
 .bss.tmpreg.8437
                0x00000000200000b0        0x4 Drivers/STM32F4xx_HAL_Driver/Src/stm32f4xx_ll_usb.o
 .bss.Appli_state
                0x00000000200000b4        0x1 USB_HOST/App/usb_host.o
                0x00000000200000b4                Appli_state
 *fill*         0x00000000200000b5        0x3 
 .bss.__malloc_free_list
                0x00000000200000b8        0x4 e:/han/stm32cubeide_1.5.1/stm32cubeide/plugins/com.st.stm32cube.ide.mcu.externaltools.gnu-tools-for-stm32.7-2018-q2-update.win32_1.5.0.202011040924/tools/bin/../lib/gcc/arm-none-eabi/7.3.1/../../../../arm-none-eabi/lib/thumb/v7e-m/fpv4-sp/hard\libc_nano.a(lib_a-nano-mallocr.o)
                0x00000000200000b8                __malloc_free_list
 .bss.__malloc_sbrk_start
                0x00000000200000bc        0x4 e:/han/stm32cubeide_1.5.1/stm32cubeide/plugins/com.st.stm32cube.ide.mcu.externaltools.gnu-tools-for-stm32.7-2018-q2-update.win32_1.5.0.202011040924/tools/bin/../lib/gcc/arm-none-eabi/7.3.1/../../../../arm-none-eabi/lib/thumb/v7e-m/fpv4-sp/hard\libc_nano.a(lib_a-nano-mallocr.o)
                0x00000000200000bc                __malloc_sbrk_start
 *(COMMON)
 COMMON         0x00000000200000c0       0xf4 Core/Src/main.o
                0x00000000200000c0                hi2c1
                0x0000000020000114                hspi1
                0x000000002000016c                hi2s3
 COMMON         0x00000000200001b4        0x4 Drivers/STM32F4xx_HAL_Driver/Src/stm32f4xx_hal.o
                0x00000000200001b4                uwTick
 COMMON         0x00000000200001b8      0x3d8 USB_HOST/App/usb_host.o
                0x00000000200001b8                hUsbHostFS
 COMMON         0x0000000020000590      0x2c4 USB_HOST/Target/usbh_conf.o
                0x0000000020000590                hhcd_USB_OTG_FS
 COMMON         0x0000000020000854        0x4 e:/han/stm32cubeide_1.5.1/stm32cubeide/plugins/com.st.stm32cube.ide.mcu.externaltools.gnu-tools-for-stm32.7-2018-q2-update.win32_1.5.0.202011040924/tools/bin/../lib/gcc/arm-none-eabi/7.3.1/../../../../arm-none-eabi/lib/thumb/v7e-m/fpv4-sp/hard\libc_nano.a(lib_a-reent.o)
                0x0000000020000854                errno
                0x0000000020000858                . = ALIGN (0x4)
                0x0000000020000858                _ebss = .
                0x0000000020000858                __bss_end__ = _ebss

._user_heap_stack
                0x0000000020000858      0x600 load address 0x0000000008007a94
                0x0000000020000858                . = ALIGN (0x8)
                [!provide]                        PROVIDE (end = .)
                0x0000000020000858                PROVIDE (_end = .)
                0x0000000020000a58                . = (. + _Min_Heap_Size)
 *fill*         0x0000000020000858      0x200 
                0x0000000020000e58                . = (. + _Min_Stack_Size)
 *fill*         0x0000000020000a58      0x400 
                0x0000000020000e58                . = ALIGN (0x8)

/DISCARD/
 libc.a(*)
 libm.a(*)
 libgcc.a(*)

.ARM.attributes
                0x0000000000000000       0x30
 *(.ARM.attributes)
 .ARM.attributes
                0x0000000000000000       0x22 e:/han/stm32cubeide_1.5.1/stm32cubeide/plugins/com.st.stm32cube.ide.mcu.externaltools.gnu-tools-for-stm32.7-2018-q2-update.win32_1.5.0.202011040924/tools/bin/../lib/gcc/arm-none-eabi/7.3.1/thumb/v7e-m/fpv4-sp/hard/crti.o
 .ARM.attributes
                0x0000000000000022       0x34 e:/han/stm32cubeide_1.5.1/stm32cubeide/plugins/com.st.stm32cube.ide.mcu.externaltools.gnu-tools-for-stm32.7-2018-q2-update.win32_1.5.0.202011040924/tools/bin/../lib/gcc/arm-none-eabi/7.3.1/thumb/v7e-m/fpv4-sp/hard/crtbegin.o
 .ARM.attributes
                0x0000000000000056       0x39 Core/Src/main.o
 .ARM.attributes
                0x000000000000008f       0x39 Core/Src/stm32f4xx_hal_msp.o
 .ARM.attributes
                0x00000000000000c8       0x39 Core/Src/stm32f4xx_it.o
 .ARM.attributes
                0x0000000000000101       0x39 Core/Src/sysmem.o
 .ARM.attributes
                0x000000000000013a       0x39 Core/Src/system_stm32f4xx.o
 .ARM.attributes
                0x0000000000000173       0x21 Core/Startup/startup_stm32f407vgtx.o
 .ARM.attributes
                0x0000000000000194       0x39 Drivers/STM32F4xx_HAL_Driver/Src/stm32f4xx_hal.o
 .ARM.attributes
                0x00000000000001cd       0x39 Drivers/STM32F4xx_HAL_Driver/Src/stm32f4xx_hal_cortex.o
 .ARM.attributes
                0x0000000000000206       0x39 Drivers/STM32F4xx_HAL_Driver/Src/stm32f4xx_hal_gpio.o
 .ARM.attributes
                0x000000000000023f       0x39 Drivers/STM32F4xx_HAL_Driver/Src/stm32f4xx_hal_hcd.o
 .ARM.attributes
                0x0000000000000278       0x39 Drivers/STM32F4xx_HAL_Driver/Src/stm32f4xx_hal_i2c.o
 .ARM.attributes
                0x00000000000002b1       0x39 Drivers/STM32F4xx_HAL_Driver/Src/stm32f4xx_hal_i2s.o
 .ARM.attributes
                0x00000000000002ea       0x39 Drivers/STM32F4xx_HAL_Driver/Src/stm32f4xx_hal_i2s_ex.o
 .ARM.attributes
                0x0000000000000323       0x39 Drivers/STM32F4xx_HAL_Driver/Src/stm32f4xx_hal_rcc.o
 .ARM.attributes
                0x000000000000035c       0x39 Drivers/STM32F4xx_HAL_Driver/Src/stm32f4xx_hal_rcc_ex.o
 .ARM.attributes
                0x0000000000000395       0x39 Drivers/STM32F4xx_HAL_Driver/Src/stm32f4xx_hal_spi.o
 .ARM.attributes
                0x00000000000003ce       0x39 Drivers/STM32F4xx_HAL_Driver/Src/stm32f4xx_ll_usb.o
 .ARM.attributes
                0x0000000000000407       0x39 Middlewares/ST/STM32_USB_Host_Library/Class/CDC/Src/usbh_cdc.o
 .ARM.attributes
                0x0000000000000440       0x39 Middlewares/ST/STM32_USB_Host_Library/Core/Src/usbh_core.o
 .ARM.attributes
                0x0000000000000479       0x39 Middlewares/ST/STM32_USB_Host_Library/Core/Src/usbh_ctlreq.o
 .ARM.attributes
                0x00000000000004b2       0x39 Middlewares/ST/STM32_USB_Host_Library/Core/Src/usbh_ioreq.o
 .ARM.attributes
                0x00000000000004eb       0x39 Middlewares/ST/STM32_USB_Host_Library/Core/Src/usbh_pipes.o
 .ARM.attributes
                0x0000000000000524       0x39 USB_HOST/App/usb_host.o
 .ARM.attributes
                0x000000000000055d       0x39 USB_HOST/Target/usbh_conf.o
 .ARM.attributes
                0x0000000000000596       0x39 USB_HOST/Target/usbh_platform.o
 .ARM.attributes
                0x00000000000005cf       0x34 e:/han/stm32cubeide_1.5.1/stm32cubeide/plugins/com.st.stm32cube.ide.mcu.externaltools.gnu-tools-for-stm32.7-2018-q2-update.win32_1.5.0.202011040924/tools/bin/../lib/gcc/arm-none-eabi/7.3.1/../../../../arm-none-eabi/lib/thumb/v7e-m/fpv4-sp/hard\libc_nano.a(lib_a-errno.o)
 .ARM.attributes
                0x0000000000000603       0x34 e:/han/stm32cubeide_1.5.1/stm32cubeide/plugins/com.st.stm32cube.ide.mcu.externaltools.gnu-tools-for-stm32.7-2018-q2-update.win32_1.5.0.202011040924/tools/bin/../lib/gcc/arm-none-eabi/7.3.1/../../../../arm-none-eabi/lib/thumb/v7e-m/fpv4-sp/hard\libc_nano.a(lib_a-impure.o)
 .ARM.attributes
                0x0000000000000637       0x34 e:/han/stm32cubeide_1.5.1/stm32cubeide/plugins/com.st.stm32cube.ide.mcu.externaltools.gnu-tools-for-stm32.7-2018-q2-update.win32_1.5.0.202011040924/tools/bin/../lib/gcc/arm-none-eabi/7.3.1/../../../../arm-none-eabi/lib/thumb/v7e-m/fpv4-sp/hard\libc_nano.a(lib_a-init.o)
 .ARM.attributes
                0x000000000000066b       0x34 e:/han/stm32cubeide_1.5.1/stm32cubeide/plugins/com.st.stm32cube.ide.mcu.externaltools.gnu-tools-for-stm32.7-2018-q2-update.win32_1.5.0.202011040924/tools/bin/../lib/gcc/arm-none-eabi/7.3.1/../../../../arm-none-eabi/lib/thumb/v7e-m/fpv4-sp/hard\libc_nano.a(lib_a-malloc.o)
 .ARM.attributes
                0x000000000000069f       0x34 e:/han/stm32cubeide_1.5.1/stm32cubeide/plugins/com.st.stm32cube.ide.mcu.externaltools.gnu-tools-for-stm32.7-2018-q2-update.win32_1.5.0.202011040924/tools/bin/../lib/gcc/arm-none-eabi/7.3.1/../../../../arm-none-eabi/lib/thumb/v7e-m/fpv4-sp/hard\libc_nano.a(lib_a-memset.o)
 .ARM.attributes
                0x00000000000006d3       0x34 e:/han/stm32cubeide_1.5.1/stm32cubeide/plugins/com.st.stm32cube.ide.mcu.externaltools.gnu-tools-for-stm32.7-2018-q2-update.win32_1.5.0.202011040924/tools/bin/../lib/gcc/arm-none-eabi/7.3.1/../../../../arm-none-eabi/lib/thumb/v7e-m/fpv4-sp/hard\libc_nano.a(lib_a-nano-freer.o)
 .ARM.attributes
                0x0000000000000707       0x34 e:/han/stm32cubeide_1.5.1/stm32cubeide/plugins/com.st.stm32cube.ide.mcu.externaltools.gnu-tools-for-stm32.7-2018-q2-update.win32_1.5.0.202011040924/tools/bin/../lib/gcc/arm-none-eabi/7.3.1/../../../../arm-none-eabi/lib/thumb/v7e-m/fpv4-sp/hard\libc_nano.a(lib_a-nano-mallocr.o)
 .ARM.attributes
                0x000000000000073b       0x34 e:/han/stm32cubeide_1.5.1/stm32cubeide/plugins/com.st.stm32cube.ide.mcu.externaltools.gnu-tools-for-stm32.7-2018-q2-update.win32_1.5.0.202011040924/tools/bin/../lib/gcc/arm-none-eabi/7.3.1/../../../../arm-none-eabi/lib/thumb/v7e-m/fpv4-sp/hard\libc_nano.a(lib_a-sbrkr.o)
 .ARM.attributes
                0x000000000000076f       0x34 e:/han/stm32cubeide_1.5.1/stm32cubeide/plugins/com.st.stm32cube.ide.mcu.externaltools.gnu-tools-for-stm32.7-2018-q2-update.win32_1.5.0.202011040924/tools/bin/../lib/gcc/arm-none-eabi/7.3.1/../../../../arm-none-eabi/lib/thumb/v7e-m/fpv4-sp/hard\libc_nano.a(lib_a-mlock.o)
 .ARM.attributes
                0x00000000000007a3       0x34 e:/han/stm32cubeide_1.5.1/stm32cubeide/plugins/com.st.stm32cube.ide.mcu.externaltools.gnu-tools-for-stm32.7-2018-q2-update.win32_1.5.0.202011040924/tools/bin/../lib/gcc/arm-none-eabi/7.3.1/../../../../arm-none-eabi/lib/thumb/v7e-m/fpv4-sp/hard\libc_nano.a(lib_a-reent.o)
 .ARM.attributes
                0x00000000000007d7       0x22 e:/han/stm32cubeide_1.5.1/stm32cubeide/plugins/com.st.stm32cube.ide.mcu.externaltools.gnu-tools-for-stm32.7-2018-q2-update.win32_1.5.0.202011040924/tools/bin/../lib/gcc/arm-none-eabi/7.3.1/thumb/v7e-m/fpv4-sp/hard\libgcc.a(_aeabi_uldivmod.o)
 .ARM.attributes
                0x00000000000007f9       0x34 e:/han/stm32cubeide_1.5.1/stm32cubeide/plugins/com.st.stm32cube.ide.mcu.externaltools.gnu-tools-for-stm32.7-2018-q2-update.win32_1.5.0.202011040924/tools/bin/../lib/gcc/arm-none-eabi/7.3.1/thumb/v7e-m/fpv4-sp/hard\libgcc.a(_udivmoddi4.o)
 .ARM.attributes
                0x000000000000082d       0x22 e:/han/stm32cubeide_1.5.1/stm32cubeide/plugins/com.st.stm32cube.ide.mcu.externaltools.gnu-tools-for-stm32.7-2018-q2-update.win32_1.5.0.202011040924/tools/bin/../lib/gcc/arm-none-eabi/7.3.1/thumb/v7e-m/fpv4-sp/hard\libgcc.a(_dvmd_tls.o)
 .ARM.attributes
                0x000000000000084f       0x22 e:/han/stm32cubeide_1.5.1/stm32cubeide/plugins/com.st.stm32cube.ide.mcu.externaltools.gnu-tools-for-stm32.7-2018-q2-update.win32_1.5.0.202011040924/tools/bin/../lib/gcc/arm-none-eabi/7.3.1/thumb/v7e-m/fpv4-sp/hard/crtn.o
OUTPUT(STM32F407G-DISC1.elf elf32-littlearm)

.debug_info     0x0000000000000000    0x186bb
 .debug_info    0x0000000000000000     0x10d8 Core/Src/main.o
 .debug_info    0x00000000000010d8      0xf0a Core/Src/stm32f4xx_hal_msp.o
 .debug_info    0x0000000000001fe2      0x6b4 Core/Src/stm32f4xx_it.o
 .debug_info    0x0000000000002696      0x985 Core/Src/sysmem.o
 .debug_info    0x000000000000301b      0x554 Core/Src/system_stm32f4xx.o
 .debug_info    0x000000000000356f       0x22 Core/Startup/startup_stm32f407vgtx.o
 .debug_info    0x0000000000003591      0x945 Drivers/STM32F4xx_HAL_Driver/Src/stm32f4xx_hal.o
 .debug_info    0x0000000000003ed6      0xe28 Drivers/STM32F4xx_HAL_Driver/Src/stm32f4xx_hal_cortex.o
 .debug_info    0x0000000000004cfe      0x7b5 Drivers/STM32F4xx_HAL_Driver/Src/stm32f4xx_hal_gpio.o
 .debug_info    0x00000000000054b3      0xe5f Drivers/STM32F4xx_HAL_Driver/Src/stm32f4xx_hal_hcd.o
 .debug_info    0x0000000000006312     0x2426 Drivers/STM32F4xx_HAL_Driver/Src/stm32f4xx_hal_i2c.o
 .debug_info    0x0000000000008738      0xe5e Drivers/STM32F4xx_HAL_Driver/Src/stm32f4xx_hal_i2s.o
 .debug_info    0x0000000000009596      0xb76 Drivers/STM32F4xx_HAL_Driver/Src/stm32f4xx_hal_i2s_ex.o
 .debug_info    0x000000000000a10c      0x904 Drivers/STM32F4xx_HAL_Driver/Src/stm32f4xx_hal_rcc.o
 .debug_info    0x000000000000aa10      0x5ae Drivers/STM32F4xx_HAL_Driver/Src/stm32f4xx_hal_rcc_ex.o
 .debug_info    0x000000000000afbe     0x163a Drivers/STM32F4xx_HAL_Driver/Src/stm32f4xx_hal_spi.o
 .debug_info    0x000000000000c5f8     0x18dd Drivers/STM32F4xx_HAL_Driver/Src/stm32f4xx_ll_usb.o
 .debug_info    0x000000000000ded5     0x1ad3 Middlewares/ST/STM32_USB_Host_Library/Class/CDC/Src/usbh_cdc.o
 .debug_info    0x000000000000f9a8     0x16b2 Middlewares/ST/STM32_USB_Host_Library/Core/Src/usbh_core.o
 .debug_info    0x000000000001105a     0x1772 Middlewares/ST/STM32_USB_Host_Library/Core/Src/usbh_ctlreq.o
 .debug_info    0x00000000000127cc     0x14df Middlewares/ST/STM32_USB_Host_Library/Core/Src/usbh_ioreq.o
 .debug_info    0x0000000000013cab     0x1321 Middlewares/ST/STM32_USB_Host_Library/Core/Src/usbh_pipes.o
 .debug_info    0x0000000000014fcc     0x1275 USB_HOST/App/usb_host.o
 .debug_info    0x0000000000016241     0x2200 USB_HOST/Target/usbh_conf.o
 .debug_info    0x0000000000018441      0x27a USB_HOST/Target/usbh_platform.o

.debug_abbrev   0x0000000000000000     0x3553
 .debug_abbrev  0x0000000000000000      0x205 Core/Src/main.o
 .debug_abbrev  0x0000000000000205      0x1b5 Core/Src/stm32f4xx_hal_msp.o
 .debug_abbrev  0x00000000000003ba      0x164 Core/Src/stm32f4xx_it.o
 .debug_abbrev  0x000000000000051e      0x19b Core/Src/sysmem.o
 .debug_abbrev  0x00000000000006b9      0x12b Core/Src/system_stm32f4xx.o
 .debug_abbrev  0x00000000000007e4       0x12 Core/Startup/startup_stm32f407vgtx.o
 .debug_abbrev  0x00000000000007f6      0x1c7 Drivers/STM32F4xx_HAL_Driver/Src/stm32f4xx_hal.o
 .debug_abbrev  0x00000000000009bd      0x2fa Drivers/STM32F4xx_HAL_Driver/Src/stm32f4xx_hal_cortex.o
 .debug_abbrev  0x0000000000000cb7      0x1c9 Drivers/STM32F4xx_HAL_Driver/Src/stm32f4xx_hal_gpio.o
 .debug_abbrev  0x0000000000000e80      0x255 Drivers/STM32F4xx_HAL_Driver/Src/stm32f4xx_hal_hcd.o
 .debug_abbrev  0x00000000000010d5      0x254 Drivers/STM32F4xx_HAL_Driver/Src/stm32f4xx_hal_i2c.o
 .debug_abbrev  0x0000000000001329      0x21b Drivers/STM32F4xx_HAL_Driver/Src/stm32f4xx_hal_i2s.o
 .debug_abbrev  0x0000000000001544      0x246 Drivers/STM32F4xx_HAL_Driver/Src/stm32f4xx_hal_i2s_ex.o
 .debug_abbrev  0x000000000000178a      0x245 Drivers/STM32F4xx_HAL_Driver/Src/stm32f4xx_hal_rcc.o
 .debug_abbrev  0x00000000000019cf      0x173 Drivers/STM32F4xx_HAL_Driver/Src/stm32f4xx_hal_rcc_ex.o
 .debug_abbrev  0x0000000000001b42      0x240 Drivers/STM32F4xx_HAL_Driver/Src/stm32f4xx_hal_spi.o
 .debug_abbrev  0x0000000000001d82      0x26d Drivers/STM32F4xx_HAL_Driver/Src/stm32f4xx_ll_usb.o
 .debug_abbrev  0x0000000000001fef      0x308 Middlewares/ST/STM32_USB_Host_Library/Class/CDC/Src/usbh_cdc.o
 .debug_abbrev  0x00000000000022f7      0x362 Middlewares/ST/STM32_USB_Host_Library/Core/Src/usbh_core.o
 .debug_abbrev  0x0000000000002659      0x31b Middlewares/ST/STM32_USB_Host_Library/Core/Src/usbh_ctlreq.o
 .debug_abbrev  0x0000000000002974      0x279 Middlewares/ST/STM32_USB_Host_Library/Core/Src/usbh_ioreq.o
 .debug_abbrev  0x0000000000002bed      0x2b1 Middlewares/ST/STM32_USB_Host_Library/Core/Src/usbh_pipes.o
 .debug_abbrev  0x0000000000002e9e      0x268 USB_HOST/App/usb_host.o
 .debug_abbrev  0x0000000000003106      0x349 USB_HOST/Target/usbh_conf.o
 .debug_abbrev  0x000000000000344f      0x104 USB_HOST/Target/usbh_platform.o

.debug_aranges  0x0000000000000000     0x1108
 .debug_aranges
                0x0000000000000000       0x50 Core/Src/main.o
 .debug_aranges
                0x0000000000000050       0x50 Core/Src/stm32f4xx_hal_msp.o
 .debug_aranges
                0x00000000000000a0       0x68 Core/Src/stm32f4xx_it.o
 .debug_aranges
                0x0000000000000108       0x20 Core/Src/sysmem.o
 .debug_aranges
                0x0000000000000128       0x28 Core/Src/system_stm32f4xx.o
 .debug_aranges
                0x0000000000000150       0x28 Core/Startup/startup_stm32f407vgtx.o
 .debug_aranges
                0x0000000000000178       0xf0 Drivers/STM32F4xx_HAL_Driver/Src/stm32f4xx_hal.o
 .debug_aranges
                0x0000000000000268      0x118 Drivers/STM32F4xx_HAL_Driver/Src/stm32f4xx_hal_cortex.o
 .debug_aranges
                0x0000000000000380       0x58 Drivers/STM32F4xx_HAL_Driver/Src/stm32f4xx_hal_gpio.o
 .debug_aranges
                0x00000000000003d8       0xf8 Drivers/STM32F4xx_HAL_Driver/Src/stm32f4xx_hal_hcd.o
 .debug_aranges
                0x00000000000004d0      0x2a0 Drivers/STM32F4xx_HAL_Driver/Src/stm32f4xx_hal_i2c.o
 .debug_aranges
                0x0000000000000770      0x108 Drivers/STM32F4xx_HAL_Driver/Src/stm32f4xx_hal_i2s.o
 .debug_aranges
                0x0000000000000878       0x88 Drivers/STM32F4xx_HAL_Driver/Src/stm32f4xx_hal_i2s_ex.o
 .debug_aranges
                0x0000000000000900       0x88 Drivers/STM32F4xx_HAL_Driver/Src/stm32f4xx_hal_rcc.o
 .debug_aranges
                0x0000000000000988       0x48 Drivers/STM32F4xx_HAL_Driver/Src/stm32f4xx_hal_rcc_ex.o
 .debug_aranges
                0x00000000000009d0      0x1d0 Drivers/STM32F4xx_HAL_Driver/Src/stm32f4xx_hal_spi.o
 .debug_aranges
                0x0000000000000ba0      0x198 Drivers/STM32F4xx_HAL_Driver/Src/stm32f4xx_ll_usb.o
 .debug_aranges
                0x0000000000000d38       0xa8 Middlewares/ST/STM32_USB_Host_Library/Class/CDC/Src/usbh_cdc.o
 .debug_aranges
                0x0000000000000de0       0xc0 Middlewares/ST/STM32_USB_Host_Library/Core/Src/usbh_core.o
 .debug_aranges
                0x0000000000000ea0       0xa0 Middlewares/ST/STM32_USB_Host_Library/Core/Src/usbh_ctlreq.o
 .debug_aranges
                0x0000000000000f40       0x60 Middlewares/ST/STM32_USB_Host_Library/Core/Src/usbh_ioreq.o
 .debug_aranges
                0x0000000000000fa0       0x40 Middlewares/ST/STM32_USB_Host_Library/Core/Src/usbh_pipes.o
 .debug_aranges
                0x0000000000000fe0       0x30 USB_HOST/App/usb_host.o
 .debug_aranges
                0x0000000000001010       0xd8 USB_HOST/Target/usbh_conf.o
 .debug_aranges
                0x00000000000010e8       0x20 USB_HOST/Target/usbh_platform.o

.debug_ranges   0x0000000000000000      0xfa8
 .debug_ranges  0x0000000000000000       0x40 Core/Src/main.o
 .debug_ranges  0x0000000000000040       0x40 Core/Src/stm32f4xx_hal_msp.o
 .debug_ranges  0x0000000000000080       0x58 Core/Src/stm32f4xx_it.o
 .debug_ranges  0x00000000000000d8       0x10 Core/Src/sysmem.o
 .debug_ranges  0x00000000000000e8       0x18 Core/Src/system_stm32f4xx.o
 .debug_ranges  0x0000000000000100       0x20 Core/Startup/startup_stm32f407vgtx.o
 .debug_ranges  0x0000000000000120       0xe0 Drivers/STM32F4xx_HAL_Driver/Src/stm32f4xx_hal.o
 .debug_ranges  0x0000000000000200      0x108 Drivers/STM32F4xx_HAL_Driver/Src/stm32f4xx_hal_cortex.o
 .debug_ranges  0x0000000000000308       0x48 Drivers/STM32F4xx_HAL_Driver/Src/stm32f4xx_hal_gpio.o
 .debug_ranges  0x0000000000000350       0xe8 Drivers/STM32F4xx_HAL_Driver/Src/stm32f4xx_hal_hcd.o
 .debug_ranges  0x0000000000000438      0x2b8 Drivers/STM32F4xx_HAL_Driver/Src/stm32f4xx_hal_i2c.o
 .debug_ranges  0x00000000000006f0       0xf8 Drivers/STM32F4xx_HAL_Driver/Src/stm32f4xx_hal_i2s.o
 .debug_ranges  0x00000000000007e8       0x78 Drivers/STM32F4xx_HAL_Driver/Src/stm32f4xx_hal_i2s_ex.o
 .debug_ranges  0x0000000000000860       0x78 Drivers/STM32F4xx_HAL_Driver/Src/stm32f4xx_hal_rcc.o
 .debug_ranges  0x00000000000008d8       0x38 Drivers/STM32F4xx_HAL_Driver/Src/stm32f4xx_hal_rcc_ex.o
 .debug_ranges  0x0000000000000910      0x1c0 Drivers/STM32F4xx_HAL_Driver/Src/stm32f4xx_hal_spi.o
 .debug_ranges  0x0000000000000ad0      0x188 Drivers/STM32F4xx_HAL_Driver/Src/stm32f4xx_ll_usb.o
 .debug_ranges  0x0000000000000c58       0x98 Middlewares/ST/STM32_USB_Host_Library/Class/CDC/Src/usbh_cdc.o
 .debug_ranges  0x0000000000000cf0       0xb0 Middlewares/ST/STM32_USB_Host_Library/Core/Src/usbh_core.o
 .debug_ranges  0x0000000000000da0       0x90 Middlewares/ST/STM32_USB_Host_Library/Core/Src/usbh_ctlreq.o
 .debug_ranges  0x0000000000000e30       0x50 Middlewares/ST/STM32_USB_Host_Library/Core/Src/usbh_ioreq.o
 .debug_ranges  0x0000000000000e80       0x30 Middlewares/ST/STM32_USB_Host_Library/Core/Src/usbh_pipes.o
 .debug_ranges  0x0000000000000eb0       0x20 USB_HOST/App/usb_host.o
 .debug_ranges  0x0000000000000ed0       0xc8 USB_HOST/Target/usbh_conf.o
 .debug_ranges  0x0000000000000f98       0x10 USB_HOST/Target/usbh_platform.o

.debug_macro    0x0000000000000000    0x238bd
 .debug_macro   0x0000000000000000      0x21f Core/Src/main.o
 .debug_macro   0x000000000000021f      0xa5a Core/Src/main.o
 .debug_macro   0x0000000000000c79      0x2a0 Core/Src/main.o
 .debug_macro   0x0000000000000f19       0x2e Core/Src/main.o
 .debug_macro   0x0000000000000f47       0x2f Core/Src/main.o
 .debug_macro   0x0000000000000f76       0x22 Core/Src/main.o
 .debug_macro   0x0000000000000f98       0x8e Core/Src/main.o
 .debug_macro   0x0000000000001026       0x51 Core/Src/main.o
 .debug_macro   0x0000000000001077       0xef Core/Src/main.o
 .debug_macro   0x0000000000001166       0x6a Core/Src/main.o
 .debug_macro   0x00000000000011d0      0x1df Core/Src/main.o
 .debug_macro   0x00000000000013af       0x1c Core/Src/main.o
 .debug_macro   0x00000000000013cb       0x22 Core/Src/main.o
 .debug_macro   0x00000000000013ed       0xdf Core/Src/main.o
 .debug_macro   0x00000000000014cc     0x102d Core/Src/main.o
 .debug_macro   0x00000000000024f9      0x11f Core/Src/main.o
 .debug_macro   0x0000000000002618    0x15e3c Core/Src/main.o
 .debug_macro   0x0000000000018454       0x43 Core/Src/main.o
 .debug_macro   0x0000000000018497     0x3659 Core/Src/main.o
 .debug_macro   0x000000000001baf0      0x174 Core/Src/main.o
 .debug_macro   0x000000000001bc64       0x5a Core/Src/main.o
 .debug_macro   0x000000000001bcbe      0x96b Core/Src/main.o
 .debug_macro   0x000000000001c629      0x9fe Core/Src/main.o
 .debug_macro   0x000000000001d027      0x117 Core/Src/main.o
 .debug_macro   0x000000000001d13e      0x13e Core/Src/main.o
 .debug_macro   0x000000000001d27c       0x27 Core/Src/main.o
 .debug_macro   0x000000000001d2a3      0x174 Core/Src/main.o
 .debug_macro   0x000000000001d417      0x287 Core/Src/main.o
 .debug_macro   0x000000000001d69e       0x5f Core/Src/main.o
 .debug_macro   0x000000000001d6fd      0x236 Core/Src/main.o
 .debug_macro   0x000000000001d933      0x12c Core/Src/main.o
 .debug_macro   0x000000000001da5f      0x21e Core/Src/main.o
 .debug_macro   0x000000000001dc7d       0x2e Core/Src/main.o
 .debug_macro   0x000000000001dcab      0x1b5 Core/Src/main.o
 .debug_macro   0x000000000001de60       0xd6 Core/Src/main.o
 .debug_macro   0x000000000001df36      0x1a7 Core/Src/main.o
 .debug_macro   0x000000000001e0dd       0x46 Core/Src/main.o
 .debug_macro   0x000000000001e123       0x4a Core/Src/main.o
 .debug_macro   0x000000000001e16d      0x11a Core/Src/main.o
 .debug_macro   0x000000000001e287       0x7e Core/Src/main.o
 .debug_macro   0x000000000001e305       0x89 Core/Src/main.o
 .debug_macro   0x000000000001e38e      0x225 Core/Src/main.o
 .debug_macro   0x000000000001e5b3      0x21e Core/Src/main.o
 .debug_macro   0x000000000001e7d1       0x68 Core/Src/main.o
 .debug_macro   0x000000000001e839      0x12d Core/Src/main.o
 .debug_macro   0x000000000001e966      0x184 Core/Src/main.o
 .debug_macro   0x000000000001eaea      0x215 Core/Src/stm32f4xx_hal_msp.o
 .debug_macro   0x000000000001ecff      0x21f Core/Src/stm32f4xx_it.o
 .debug_macro   0x000000000001ef1e       0xee Core/Src/sysmem.o
 .debug_macro   0x000000000001f00c      0x23b Core/Src/sysmem.o
 .debug_macro   0x000000000001f247      0x20c Core/Src/system_stm32f4xx.o
 .debug_macro   0x000000000001f453      0x266 Drivers/STM32F4xx_HAL_Driver/Src/stm32f4xx_hal.o
 .debug_macro   0x000000000001f6b9      0x206 Drivers/STM32F4xx_HAL_Driver/Src/stm32f4xx_hal_cortex.o
 .debug_macro   0x000000000001f8bf      0x23c Drivers/STM32F4xx_HAL_Driver/Src/stm32f4xx_hal_gpio.o
 .debug_macro   0x000000000001fafb      0x206 Drivers/STM32F4xx_HAL_Driver/Src/stm32f4xx_hal_hcd.o
 .debug_macro   0x000000000001fd01      0x24d Drivers/STM32F4xx_HAL_Driver/Src/stm32f4xx_hal_i2c.o
 .debug_macro   0x000000000001ff4e      0x20e Drivers/STM32F4xx_HAL_Driver/Src/stm32f4xx_hal_i2s.o
 .debug_macro   0x000000000002015c      0x206 Drivers/STM32F4xx_HAL_Driver/Src/stm32f4xx_hal_i2s_ex.o
 .debug_macro   0x0000000000020362      0x22a Drivers/STM32F4xx_HAL_Driver/Src/stm32f4xx_hal_rcc.o
 .debug_macro   0x000000000002058c      0x206 Drivers/STM32F4xx_HAL_Driver/Src/stm32f4xx_hal_rcc_ex.o
 .debug_macro   0x0000000000020792      0x215 Drivers/STM32F4xx_HAL_Driver/Src/stm32f4xx_hal_spi.o
 .debug_macro   0x00000000000209a7      0x206 Drivers/STM32F4xx_HAL_Driver/Src/stm32f4xx_ll_usb.o
 .debug_macro   0x0000000000020bad      0x42b Middlewares/ST/STM32_USB_Host_Library/Class/CDC/Src/usbh_cdc.o
 .debug_macro   0x0000000000020fd8       0x16 Middlewares/ST/STM32_USB_Host_Library/Class/CDC/Src/usbh_cdc.o
 .debug_macro   0x0000000000020fee       0x97 Middlewares/ST/STM32_USB_Host_Library/Class/CDC/Src/usbh_cdc.o
 .debug_macro   0x0000000000021085       0xfd Middlewares/ST/STM32_USB_Host_Library/Class/CDC/Src/usbh_cdc.o
 .debug_macro   0x0000000000021182       0x16 Middlewares/ST/STM32_USB_Host_Library/Class/CDC/Src/usbh_cdc.o
 .debug_macro   0x0000000000021198       0x20 Middlewares/ST/STM32_USB_Host_Library/Class/CDC/Src/usbh_cdc.o
 .debug_macro   0x00000000000211b8       0xd9 Middlewares/ST/STM32_USB_Host_Library/Class/CDC/Src/usbh_cdc.o
 .debug_macro   0x0000000000021291       0x54 Middlewares/ST/STM32_USB_Host_Library/Class/CDC/Src/usbh_cdc.o
 .debug_macro   0x00000000000212e5       0x73 Middlewares/ST/STM32_USB_Host_Library/Class/CDC/Src/usbh_cdc.o
 .debug_macro   0x0000000000021358      0x218 Middlewares/ST/STM32_USB_Host_Library/Class/CDC/Src/usbh_cdc.o
 .debug_macro   0x0000000000021570       0x2e Middlewares/ST/STM32_USB_Host_Library/Class/CDC/Src/usbh_cdc.o
 .debug_macro   0x000000000002159e       0x2e Middlewares/ST/STM32_USB_Host_Library/Class/CDC/Src/usbh_cdc.o
 .debug_macro   0x00000000000215cc       0x28 Middlewares/ST/STM32_USB_Host_Library/Class/CDC/Src/usbh_cdc.o
 .debug_macro   0x00000000000215f4      0x15c Middlewares/ST/STM32_USB_Host_Library/Class/CDC/Src/usbh_cdc.o
 .debug_macro   0x0000000000021750      0x428 Middlewares/ST/STM32_USB_Host_Library/Core/Src/usbh_core.o
 .debug_macro   0x0000000000021b78      0x420 Middlewares/ST/STM32_USB_Host_Library/Core/Src/usbh_ctlreq.o
 .debug_macro   0x0000000000021f98       0x28 Middlewares/ST/STM32_USB_Host_Library/Core/Src/usbh_ctlreq.o
 .debug_macro   0x0000000000021fc0      0x41a Middlewares/ST/STM32_USB_Host_Library/Core/Src/usbh_ioreq.o
 .debug_macro   0x00000000000223da      0x41a Middlewares/ST/STM32_USB_Host_Library/Core/Src/usbh_pipes.o
 .debug_macro   0x00000000000227f4      0x429 USB_HOST/App/usb_host.o
 .debug_macro   0x0000000000022c1d       0x46 USB_HOST/App/usb_host.o
 .debug_macro   0x0000000000022c63      0x32a USB_HOST/App/usb_host.o
 .debug_macro   0x0000000000022f8d      0x18a USB_HOST/App/usb_host.o
 .debug_macro   0x0000000000023117      0x162 USB_HOST/App/usb_host.o
 .debug_macro   0x0000000000023279      0x42a USB_HOST/Target/usbh_conf.o
 .debug_macro   0x00000000000236a3      0x21a USB_HOST/Target/usbh_platform.o

.debug_line     0x0000000000000000    0x1101c
 .debug_line    0x0000000000000000      0x841 Core/Src/main.o
 .debug_line    0x0000000000000841      0x7b9 Core/Src/stm32f4xx_hal_msp.o
 .debug_line    0x0000000000000ffa      0x7dc Core/Src/stm32f4xx_it.o
 .debug_line    0x00000000000017d6      0x4cc Core/Src/sysmem.o
 .debug_line    0x0000000000001ca2      0x73d Core/Src/system_stm32f4xx.o
 .debug_line    0x00000000000023df       0x85 Core/Startup/startup_stm32f407vgtx.o
 .debug_line    0x0000000000002464      0x927 Drivers/STM32F4xx_HAL_Driver/Src/stm32f4xx_hal.o
 .debug_line    0x0000000000002d8b      0xa4b Drivers/STM32F4xx_HAL_Driver/Src/stm32f4xx_hal_cortex.o
 .debug_line    0x00000000000037d6      0x906 Drivers/STM32F4xx_HAL_Driver/Src/stm32f4xx_hal_gpio.o
 .debug_line    0x00000000000040dc      0xbc2 Drivers/STM32F4xx_HAL_Driver/Src/stm32f4xx_hal_hcd.o
 .debug_line    0x0000000000004c9e     0x1bd5 Drivers/STM32F4xx_HAL_Driver/Src/stm32f4xx_hal_i2c.o
 .debug_line    0x0000000000006873      0xdc3 Drivers/STM32F4xx_HAL_Driver/Src/stm32f4xx_hal_i2s.o
 .debug_line    0x0000000000007636      0xef1 Drivers/STM32F4xx_HAL_Driver/Src/stm32f4xx_hal_i2s_ex.o
 .debug_line    0x0000000000008527      0x97f Drivers/STM32F4xx_HAL_Driver/Src/stm32f4xx_hal_rcc.o
 .debug_line    0x0000000000008ea6      0x848 Drivers/STM32F4xx_HAL_Driver/Src/stm32f4xx_hal_rcc_ex.o
 .debug_line    0x00000000000096ee     0x10e3 Drivers/STM32F4xx_HAL_Driver/Src/stm32f4xx_hal_spi.o
 .debug_line    0x000000000000a7d1      0xe52 Drivers/STM32F4xx_HAL_Driver/Src/stm32f4xx_ll_usb.o
 .debug_line    0x000000000000b623      0xc9d Middlewares/ST/STM32_USB_Host_Library/Class/CDC/Src/usbh_cdc.o
 .debug_line    0x000000000000c2c0      0xdc8 Middlewares/ST/STM32_USB_Host_Library/Core/Src/usbh_core.o
 .debug_line    0x000000000000d088      0xcaf Middlewares/ST/STM32_USB_Host_Library/Core/Src/usbh_ctlreq.o
 .debug_line    0x000000000000dd37      0xab5 Middlewares/ST/STM32_USB_Host_Library/Core/Src/usbh_ioreq.o
 .debug_line    0x000000000000e7ec      0xa6d Middlewares/ST/STM32_USB_Host_Library/Core/Src/usbh_pipes.o
 .debug_line    0x000000000000f259      0xa6e USB_HOST/App/usb_host.o
 .debug_line    0x000000000000fcc7      0xc07 USB_HOST/Target/usbh_conf.o
 .debug_line    0x00000000000108ce      0x74e USB_HOST/Target/usbh_platform.o

.debug_str      0x0000000000000000    0xcadbb
 .debug_str     0x0000000000000000    0xc01c1 Core/Src/main.o
                                      0xc0501 (size before relaxing)
 .debug_str     0x00000000000c01c1       0xa1 Core/Src/stm32f4xx_hal_msp.o
                                      0xc0327 (size before relaxing)
 .debug_str     0x00000000000c0262      0x43d Core/Src/stm32f4xx_it.o
                                      0xbfe07 (size before relaxing)
 .debug_str     0x00000000000c069f     0x1fc8 Core/Src/sysmem.o
                                       0x5f51 (size before relaxing)
 .debug_str     0x00000000000c2667       0xc4 Core/Src/system_stm32f4xx.o
                                      0xbf49b (size before relaxing)
 .debug_str     0x00000000000c272b       0x36 Core/Startup/startup_stm32f407vgtx.o
                                         0x5e (size before relaxing)
 .debug_str     0x00000000000c2761      0xa5e Drivers/STM32F4xx_HAL_Driver/Src/stm32f4xx_hal.o
                                      0xbff68 (size before relaxing)
 .debug_str     0x00000000000c31bf      0x392 Drivers/STM32F4xx_HAL_Driver/Src/stm32f4xx_hal_cortex.o
                                      0xbfd57 (size before relaxing)
 .debug_str     0x00000000000c3551      0x20c Drivers/STM32F4xx_HAL_Driver/Src/stm32f4xx_hal_gpio.o
                                      0xbf6da (size before relaxing)
 .debug_str     0x00000000000c375d      0x3da Drivers/STM32F4xx_HAL_Driver/Src/stm32f4xx_hal_hcd.o
                                      0xbfb0d (size before relaxing)
 .debug_str     0x00000000000c3b37      0xaa6 Drivers/STM32F4xx_HAL_Driver/Src/stm32f4xx_hal_i2c.o
                                      0xc0408 (size before relaxing)
 .debug_str     0x00000000000c45dd      0x27c Drivers/STM32F4xx_HAL_Driver/Src/stm32f4xx_hal_i2s.o
                                      0xbfa4f (size before relaxing)
 .debug_str     0x00000000000c4859      0x1f1 Drivers/STM32F4xx_HAL_Driver/Src/stm32f4xx_hal_i2s_ex.o
                                      0xbf98d (size before relaxing)
 .debug_str     0x00000000000c4a4a      0x24e Drivers/STM32F4xx_HAL_Driver/Src/stm32f4xx_hal_rcc.o
                                      0xbf888 (size before relaxing)
 .debug_str     0x00000000000c4c98      0x113 Drivers/STM32F4xx_HAL_Driver/Src/stm32f4xx_hal_rcc_ex.o
                                      0xbf5d0 (size before relaxing)
 .debug_str     0x00000000000c4dab      0x520 Drivers/STM32F4xx_HAL_Driver/Src/stm32f4xx_hal_spi.o
                                      0xbfd09 (size before relaxing)
 .debug_str     0x00000000000c52cb      0x626 Drivers/STM32F4xx_HAL_Driver/Src/stm32f4xx_ll_usb.o
                                      0xbfd6f (size before relaxing)
 .debug_str     0x00000000000c58f1     0x4c2d Middlewares/ST/STM32_USB_Host_Library/Class/CDC/Src/usbh_cdc.o
                                      0xc61b2 (size before relaxing)
 .debug_str     0x00000000000ca51e      0x266 Middlewares/ST/STM32_USB_Host_Library/Core/Src/usbh_core.o
                                      0xc56b8 (size before relaxing)
 .debug_str     0x00000000000ca784      0x222 Middlewares/ST/STM32_USB_Host_Library/Core/Src/usbh_ctlreq.o
                                      0xc56dc (size before relaxing)
 .debug_str     0x00000000000ca9a6       0xfe Middlewares/ST/STM32_USB_Host_Library/Core/Src/usbh_ioreq.o
                                      0xc5557 (size before relaxing)
 .debug_str     0x00000000000caaa4       0x97 Middlewares/ST/STM32_USB_Host_Library/Core/Src/usbh_pipes.o
                                      0xc54dc (size before relaxing)
 .debug_str     0x00000000000cab3b       0xc7 USB_HOST/App/usb_host.o
                                      0xc5bc9 (size before relaxing)
 .debug_str     0x00000000000cac02      0x186 USB_HOST/Target/usbh_conf.o
                                      0xc620d (size before relaxing)
 .debug_str     0x00000000000cad88       0x33 USB_HOST/Target/usbh_platform.o
                                      0xbf3af (size before relaxing)

.comment        0x0000000000000000       0x7b
 .comment       0x0000000000000000       0x7b Core/Src/main.o
                                         0x7c (size before relaxing)
 .comment       0x000000000000007b       0x7c Core/Src/stm32f4xx_hal_msp.o
 .comment       0x000000000000007b       0x7c Core/Src/stm32f4xx_it.o
 .comment       0x000000000000007b       0x7c Core/Src/sysmem.o
 .comment       0x000000000000007b       0x7c Core/Src/system_stm32f4xx.o
 .comment       0x000000000000007b       0x7c Drivers/STM32F4xx_HAL_Driver/Src/stm32f4xx_hal.o
 .comment       0x000000000000007b       0x7c Drivers/STM32F4xx_HAL_Driver/Src/stm32f4xx_hal_cortex.o
 .comment       0x000000000000007b       0x7c Drivers/STM32F4xx_HAL_Driver/Src/stm32f4xx_hal_gpio.o
 .comment       0x000000000000007b       0x7c Drivers/STM32F4xx_HAL_Driver/Src/stm32f4xx_hal_hcd.o
 .comment       0x000000000000007b       0x7c Drivers/STM32F4xx_HAL_Driver/Src/stm32f4xx_hal_i2c.o
 .comment       0x000000000000007b       0x7c Drivers/STM32F4xx_HAL_Driver/Src/stm32f4xx_hal_i2s.o
 .comment       0x000000000000007b       0x7c Drivers/STM32F4xx_HAL_Driver/Src/stm32f4xx_hal_i2s_ex.o
 .comment       0x000000000000007b       0x7c Drivers/STM32F4xx_HAL_Driver/Src/stm32f4xx_hal_rcc.o
 .comment       0x000000000000007b       0x7c Drivers/STM32F4xx_HAL_Driver/Src/stm32f4xx_hal_rcc_ex.o
 .comment       0x000000000000007b       0x7c Drivers/STM32F4xx_HAL_Driver/Src/stm32f4xx_hal_spi.o
 .comment       0x000000000000007b       0x7c Drivers/STM32F4xx_HAL_Driver/Src/stm32f4xx_ll_usb.o
 .comment       0x000000000000007b       0x7c Middlewares/ST/STM32_USB_Host_Library/Class/CDC/Src/usbh_cdc.o
 .comment       0x000000000000007b       0x7c Middlewares/ST/STM32_USB_Host_Library/Core/Src/usbh_core.o
 .comment       0x000000000000007b       0x7c Middlewares/ST/STM32_USB_Host_Library/Core/Src/usbh_ctlreq.o
 .comment       0x000000000000007b       0x7c Middlewares/ST/STM32_USB_Host_Library/Core/Src/usbh_ioreq.o
 .comment       0x000000000000007b       0x7c Middlewares/ST/STM32_USB_Host_Library/Core/Src/usbh_pipes.o
 .comment       0x000000000000007b       0x7c USB_HOST/App/usb_host.o
 .comment       0x000000000000007b       0x7c USB_HOST/Target/usbh_conf.o
 .comment       0x000000000000007b       0x7c USB_HOST/Target/usbh_platform.o

.debug_frame    0x0000000000000000     0x47c0
 .debug_frame   0x0000000000000000       0xe0 Core/Src/main.o
 .debug_frame   0x00000000000000e0      0x10c Core/Src/stm32f4xx_hal_msp.o
 .debug_frame   0x00000000000001ec      0x120 Core/Src/stm32f4xx_it.o
 .debug_frame   0x000000000000030c       0x34 Core/Src/sysmem.o
 .debug_frame   0x0000000000000340       0x58 Core/Src/system_stm32f4xx.o
 .debug_frame   0x0000000000000398      0x374 Drivers/STM32F4xx_HAL_Driver/Src/stm32f4xx_hal.o
 .debug_frame   0x000000000000070c      0x498 Drivers/STM32F4xx_HAL_Driver/Src/stm32f4xx_hal_cortex.o
 .debug_frame   0x0000000000000ba4      0x14c Drivers/STM32F4xx_HAL_Driver/Src/stm32f4xx_hal_gpio.o
 .debug_frame   0x0000000000000cf0      0x44c Drivers/STM32F4xx_HAL_Driver/Src/stm32f4xx_hal_hcd.o